Archive member included to satisfy reference by file (symbol)

/usr/lib/gcc/arm-none-eabi/13.2.1/thumb/v7e-m+fp/hard/libgcc.a(_aeabi_uldivmod.o)
                              CMakeFiles/stm32f407g-disc1.elf.dir/Drivers/STM32F4xx_HAL_Driver/Src/stm32f4xx_hal_rcc.c.obj (__aeabi_uldivmod)
/usr/lib/gcc/arm-none-eabi/13.2.1/thumb/v7e-m+fp/hard/libgcc.a(_udivmoddi4.o)
                              /usr/lib/gcc/arm-none-eabi/13.2.1/thumb/v7e-m+fp/hard/libgcc.a(_aeabi_uldivmod.o) (__udivmoddi4)
/usr/lib/gcc/arm-none-eabi/13.2.1/thumb/v7e-m+fp/hard/libgcc.a(_dvmd_tls.o)
                              /usr/lib/gcc/arm-none-eabi/13.2.1/thumb/v7e-m+fp/hard/libgcc.a(_aeabi_uldivmod.o) (__aeabi_ldiv0)
/usr/lib/gcc/arm-none-eabi/13.2.1/../../../arm-none-eabi/lib/thumb/v7e-m+fp/hard/libg.a(libc_a-memset.o)
                              /usr/lib/gcc/arm-none-eabi/13.2.1/../../../arm-none-eabi/lib/thumb/v7e-m+fp/hard/crt0.o (memset)
/usr/lib/gcc/arm-none-eabi/13.2.1/../../../arm-none-eabi/lib/thumb/v7e-m+fp/hard/libg.a(libc_a-errno.o)
                              CMakeFiles/stm32f407g-disc1.elf.dir/Core/Src/syscalls.c.obj (__errno)
/usr/lib/gcc/arm-none-eabi/13.2.1/../../../arm-none-eabi/lib/thumb/v7e-m+fp/hard/libg.a(libc_a-impure.o)
                              CMakeFiles/stm32f407g-disc1.elf.dir/Middlewares/Third_Party/FreeRTOS/Source/tasks.c.obj (_impure_ptr)
/usr/lib/gcc/arm-none-eabi/13.2.1/../../../arm-none-eabi/lib/thumb/v7e-m+fp/hard/libg.a(libc_a-memcpy.o)
                              CMakeFiles/stm32f407g-disc1.elf.dir/Middlewares/Third_Party/FreeRTOS/Source/CMSIS_RTOS_V2/cmsis_os2.c.obj (memcpy)
/usr/lib/gcc/arm-none-eabi/13.2.1/../../../arm-none-eabi/lib/thumb/v7e-m+fp/hard/libg.a(libc_a-reent.o)
                              CMakeFiles/stm32f407g-disc1.elf.dir/Middlewares/Third_Party/FreeRTOS/Source/tasks.c.obj (_reclaim_reent)
/usr/lib/gcc/arm-none-eabi/13.2.1/../../../arm-none-eabi/lib/thumb/v7e-m+fp/hard/libg.a(libc_a-init.o)
                              /usr/lib/gcc/arm-none-eabi/13.2.1/../../../arm-none-eabi/lib/thumb/v7e-m+fp/hard/crt0.o (__libc_init_array)
/usr/lib/gcc/arm-none-eabi/13.2.1/../../../arm-none-eabi/lib/thumb/v7e-m+fp/hard/libg.a(libc_a-findfp.o)
                              CMakeFiles/stm32f407g-disc1.elf.dir/Middlewares/Third_Party/FreeRTOS/Source/tasks.c.obj (__sf)
/usr/lib/gcc/arm-none-eabi/13.2.1/../../../arm-none-eabi/lib/thumb/v7e-m+fp/hard/libg.a(libc_a-exit.o)
                              /usr/lib/gcc/arm-none-eabi/13.2.1/../../../arm-none-eabi/lib/thumb/v7e-m+fp/hard/crt0.o (exit)
/usr/lib/gcc/arm-none-eabi/13.2.1/../../../arm-none-eabi/lib/thumb/v7e-m+fp/hard/libg.a(libc_a-atexit.o)
                              /usr/lib/gcc/arm-none-eabi/13.2.1/../../../arm-none-eabi/lib/thumb/v7e-m+fp/hard/crt0.o (atexit)
/usr/lib/gcc/arm-none-eabi/13.2.1/../../../arm-none-eabi/lib/thumb/v7e-m+fp/hard/libg.a(libc_a-fini.o)
                              /usr/lib/gcc/arm-none-eabi/13.2.1/../../../arm-none-eabi/lib/thumb/v7e-m+fp/hard/crt0.o (__libc_fini_array)
/usr/lib/gcc/arm-none-eabi/13.2.1/../../../arm-none-eabi/lib/thumb/v7e-m+fp/hard/libg.a(libc_a-fwalk.o)
                              /usr/lib/gcc/arm-none-eabi/13.2.1/../../../arm-none-eabi/lib/thumb/v7e-m+fp/hard/libg.a(libc_a-findfp.o) (_fwalk_sglue)
/usr/lib/gcc/arm-none-eabi/13.2.1/../../../arm-none-eabi/lib/thumb/v7e-m+fp/hard/libg.a(libc_a-mallocr.o)
                              /usr/lib/gcc/arm-none-eabi/13.2.1/../../../arm-none-eabi/lib/thumb/v7e-m+fp/hard/libg.a(libc_a-findfp.o) (_malloc_r)
/usr/lib/gcc/arm-none-eabi/13.2.1/../../../arm-none-eabi/lib/thumb/v7e-m+fp/hard/libg.a(libc_a-freer.o)
                              /usr/lib/gcc/arm-none-eabi/13.2.1/../../../arm-none-eabi/lib/thumb/v7e-m+fp/hard/libg.a(libc_a-reent.o) (_free_r)
/usr/lib/gcc/arm-none-eabi/13.2.1/../../../arm-none-eabi/lib/thumb/v7e-m+fp/hard/libg.a(libc_a-fclose.o)
                              /usr/lib/gcc/arm-none-eabi/13.2.1/../../../arm-none-eabi/lib/thumb/v7e-m+fp/hard/libg.a(libc_a-findfp.o) (_fclose_r)
/usr/lib/gcc/arm-none-eabi/13.2.1/../../../arm-none-eabi/lib/thumb/v7e-m+fp/hard/libg.a(libc_a-__call_atexit.o)
                              /usr/lib/gcc/arm-none-eabi/13.2.1/../../../arm-none-eabi/lib/thumb/v7e-m+fp/hard/libg.a(libc_a-exit.o) (__call_exitprocs)
/usr/lib/gcc/arm-none-eabi/13.2.1/../../../arm-none-eabi/lib/thumb/v7e-m+fp/hard/libg.a(libc_a-sysconf.o)
                              /usr/lib/gcc/arm-none-eabi/13.2.1/../../../arm-none-eabi/lib/thumb/v7e-m+fp/hard/libg.a(libc_a-mallocr.o) (sysconf)
/usr/lib/gcc/arm-none-eabi/13.2.1/../../../arm-none-eabi/lib/thumb/v7e-m+fp/hard/libg.a(libc_a-stdio.o)
                              /usr/lib/gcc/arm-none-eabi/13.2.1/../../../arm-none-eabi/lib/thumb/v7e-m+fp/hard/libg.a(libc_a-findfp.o) (__sread)
/usr/lib/gcc/arm-none-eabi/13.2.1/../../../arm-none-eabi/lib/thumb/v7e-m+fp/hard/libg.a(libc_a-__atexit.o)
[...]
Memory Configuration

Name             Origin             Length             Attributes
CCMRAM           0x10000000         0x00010000         xrw
RAM              0x20000000         0x00020000         xrw
FLASH            0x08000000         0x00100000         xr
*default*        0x00000000         0xffffffff

Linker script and memory map

LOAD /usr/lib/gcc/arm-none-eabi/13.2.1/thumb/v7e-m+fp/hard/crti.o
LOAD /usr/lib/gcc/arm-none-eabi/13.2.1/thumb/v7e-m+fp/hard/crtbegin.o
LOAD /usr/lib/gcc/arm-none-eabi/13.2.1/../../../arm-none-eabi/lib/thumb/v7e-m+fp/hard/crt0.o
LOAD CMakeFiles/stm32f407g-disc1.elf.dir/Application/demo_task.c.obj
LOAD CMakeFiles/stm32f407g-disc1.elf.dir/Core/Src/freertos.c.obj
LOAD CMakeFiles/stm32f407g-disc1.elf.dir/Core/Src/gpio.c.obj
LOAD CMakeFiles/stm32f407g-disc1.elf.dir/Core/Src/i2c.c.obj
LOAD CMakeFiles/stm32f407g-disc1.elf.dir/Core/Src/main.c.obj
LOAD CMakeFiles/stm32f407g-disc1.elf.dir/Core/Src/stm32f4xx_hal_msp.c.obj
LOAD CMakeFiles/stm32f407g-disc1.elf.dir/Core/Src/stm32f4xx_it.c.obj
LOAD CMakeFiles/stm32f407g-disc1.elf.dir/Core/Src/syscalls.c.obj
LOAD CMakeFiles/stm32f407g-disc1.elf.dir/Core/Src/sysmem.c.obj
LOAD CMakeFiles/stm32f407g-disc1.elf.dir/Core/Src/system_stm32f4xx.c.obj
LOAD CMakeFiles/stm32f407g-disc1.elf.dir/Core/Startup/startup_stm32f407vgtx.s.obj
LOAD CMakeFiles/stm32f407g-disc1.elf.dir/Drivers/STM32F4xx_HAL_Driver/Src/stm32f4xx_hal.c.obj
LOAD CMakeFiles/stm32f407g-disc1.elf.dir/Drivers/STM32F4xx_HAL_Driver/Src/stm32f4xx_hal_cortex.c.obj
LOAD CMakeFiles/stm32f407g-disc1.elf.dir/Drivers/STM32F4xx_HAL_Driver/Src/stm32f4xx_hal_dma.c.obj
LOAD CMakeFiles/stm32f407g-disc1.elf.dir/Drivers/STM32F4xx_HAL_Driver/Src/stm32f4xx_hal_dma_ex.c.obj
LOAD CMakeFiles/stm32f407g-disc1.elf.dir/Drivers/STM32F4xx_HAL_Driver/Src/stm32f4xx_hal_exti.c.obj
LOAD CMakeFiles/stm32f407g-disc1.elf.dir/Drivers/STM32F4xx_HAL_Driver/Src/stm32f4xx_hal_flash.c.obj
LOAD CMakeFiles/stm32f407g-disc1.elf.dir/Drivers/STM32F4xx_HAL_Driver/Src/stm32f4xx_hal_flash_ex.c.obj
LOAD CMakeFiles/stm32f407g-disc1.elf.dir/Drivers/STM32F4xx_HAL_Driver/Src/stm32f4xx_hal_flash_ramfunc.c.obj
LOAD CMakeFiles/stm32f407g-disc1.elf.dir/Drivers/STM32F4xx_HAL_Driver/Src/stm32f4xx_hal_gpio.c.obj
LOAD CMakeFiles/stm32f407g-disc1.elf.dir/Drivers/STM32F4xx_HAL_Driver/Src/stm32f4xx_hal_i2c.c.obj
LOAD CMakeFiles/stm32f407g-disc1.elf.dir/Drivers/STM32F4xx_HAL_Driver/Src/stm32f4xx_hal_i2c_ex.c.obj
LOAD CMakeFiles/stm32f407g-disc1.elf.dir/Drivers/STM32F4xx_HAL_Driver/Src/stm32f4xx_hal_pcd.c.obj
LOAD CMakeFiles/stm32f407g-disc1.elf.dir/Drivers/STM32F4xx_HAL_Driver/Src/stm32f4xx_hal_pcd_ex.c.obj
LOAD CMakeFiles/stm32f407g-disc1.elf.dir/Drivers/STM32F4xx_HAL_Driver/Src/stm32f4xx_hal_pwr.c.obj
LOAD CMakeFiles/stm32f407g-disc1.elf.dir/Drivers/STM32F4xx_HAL_Driver/Src/stm32f4xx_hal_pwr_ex.c.obj
LOAD CMakeFiles/stm32f407g-disc1.elf.dir/Drivers/STM32F4xx_HAL_Driver/Src/stm32f4xx_hal_rcc.c.obj
LOAD CMakeFiles/stm32f407g-disc1.elf.dir/Drivers/STM32F4xx_HAL_Driver/Src/stm32f4xx_hal_rcc_ex.c.obj
LOAD CMakeFiles/stm32f407g-disc1.elf.dir/Drivers/STM32F4xx_HAL_Driver/Src/stm32f4xx_ll_usb.c.obj
LOAD CMakeFiles/stm32f407g-disc1.elf.dir/Middlewares/ST/STM32_USB_Device_Library/Class/CDC/Src/usbd_cdc.c.obj
LOAD CMakeFiles/stm32f407g-disc1.elf.dir/Middlewares/ST/STM32_USB_Device_Library/Core/Src/usbd_core.c.obj
LOAD CMakeFiles/stm32f407g-disc1.elf.dir/Middlewares/ST/STM32_USB_Device_Library/Core/Src/usbd_ctlreq.c.obj
LOAD CMakeFiles/stm32f407g-disc1.elf.dir/Middlewares/ST/STM32_USB_Device_Library/Core/Src/usbd_ioreq.c.obj
LOAD CMakeFiles/stm32f407g-disc1.elf.dir/Middlewares/Third_Party/FreeRTOS/Source/CMSIS_RTOS_V2/cmsis_os2.c.obj
LOAD CMakeFiles/stm32f407g-disc1.elf.dir/Middlewares/Third_Party/FreeRTOS/Source/croutine.c.obj
LOAD CMakeFiles/stm32f407g-disc1.elf.dir/Middlewares/Third_Party/FreeRTOS/Source/event_groups.c.obj
LOAD CMakeFiles/stm32f407g-disc1.elf.dir/Middlewares/Third_Party/FreeRTOS/Source/list.c.obj
LOAD CMakeFiles/stm32f407g-disc1.elf.dir/Middlewares/Third_Party/FreeRTOS/Source/portable/GCC/ARM_CM4F/port.c.obj
LOAD CMakeFiles/stm32f407g-disc1.elf.dir/Middlewares/Third_Party/FreeRTOS/Source/portable/MemMang/heap_4.c.obj
LOAD CMakeFiles/stm32f407g-disc1.elf.dir/Middlewares/Third_Party/FreeRTOS/Source/queue.c.obj
LOAD CMakeFiles/stm32f407g-disc1.elf.dir/Middlewares/Third_Party/FreeRTOS/Source/stream_buffer.c.obj
LOAD CMakeFiles/stm32f407g-disc1.elf.dir/Middlewares/Third_Party/FreeRTOS/Source/tasks.c.obj
LOAD CMakeFiles/stm32f407g-disc1.elf.dir/Middlewares/Third_Party/FreeRTOS/Source/timers.c.obj
LOAD CMakeFiles/stm32f407g-disc1.elf.dir/USB_DEVICE/App/usb_device.c.obj
LOAD CMakeFiles/stm32f407g-disc1.elf.dir/USB_DEVICE/App/usbd_cdc_if.c.obj
LOAD CMakeFiles/stm32f407g-disc1.elf.dir/USB_DEVICE/App/usbd_desc.c.obj
LOAD CMakeFiles/stm32f407g-disc1.elf.dir/USB_DEVICE/Target/usbd_conf.c.obj
START GROUP
LOAD /usr/lib/gcc/arm-none-eabi/13.2.1/thumb/v7e-m+fp/hard/libgcc.a
LOAD /usr/lib/gcc/arm-none-eabi/13.2.1/../../../arm-none-eabi/lib/thumb/v7e-m+fp/hard/libg.a
LOAD /usr/lib/gcc/arm-none-eabi/13.2.1/../../../arm-none-eabi/lib/thumb/v7e-m+fp/hard/libc.a
END GROUP
LOAD /usr/lib/gcc/arm-none-eabi/13.2.1/thumb/v7e-m+fp/hard/crtend.o
LOAD /usr/lib/gcc/arm-none-eabi/13.2.1/thumb/v7e-m+fp/hard/crtn.o
                0x20020000                        _estack = (ORIGIN (RAM) + LENGTH (RAM))
                0x00000600                        _Min_Heap_Size = 0x600
                0x00000400                        _Min_Stack_Size = 0x400

.isr_vector     0x08000000      0x188
                0x08000000                        . = ALIGN (0x4)
 *(.isr_vector)
 .isr_vector    0x08000000      0x188 CMakeFiles/stm32f407g-disc1.elf.dir/Core/Startup/startup_stm32f407vgtx.s.obj
                0x08000000                g_pfnVectors
                0x08000188                        . = ALIGN (0x4)

.text           0x08000190     0x6624
                0x08000190                        . = ALIGN (0x4)
 *(.text)
 .text          0x08000190       0x88 /usr/lib/gcc/arm-none-eabi/13.2.1/thumb/v7e-m+fp/hard/crtbegin.o
 .text          0x08000218       0x30 /usr/lib/gcc/arm-none-eabi/13.2.1/thumb/v7e-m+fp/hard/libgcc.a(_aeabi_uldivmod.o)
                0x08000218                __aeabi_uldivmod
 .text          0x08000248      0x2bc /usr/lib/gcc/arm-none-eabi/13.2.1/thumb/v7e-m+fp/hard/libgcc.a(_udivmoddi4.o)
                0x08000248                __udivmoddi4
 .text          0x08000504        0x4 /usr/lib/gcc/arm-none-eabi/13.2.1/thumb/v7e-m+fp/hard/libgcc.a(_dvmd_tls.o)
                0x08000504                __aeabi_ldiv0
                0x08000504                __aeabi_idiv0
 .text          0x08000508       0xa4 /usr/lib/gcc/arm-none-eabi/13.2.1/../../../arm-none-eabi/lib/thumb/v7e-m+fp/hard/libg.a(libc_a-memset.o)
                0x08000508                memset
 .text          0x080005ac        0xc /usr/lib/gcc/arm-none-eabi/13.2.1/../../../arm-none-eabi/lib/thumb/v7e-m+fp/hard/libg.a(libc_a-errno.o)
                0x080005ac                __errno
 .text          0x080005b8      0x134 /usr/lib/gcc/arm-none-eabi/13.2.1/../../../arm-none-eabi/lib/thumb/v7e-m+fp/hard/libg.a(libc_a-memcpy.o)
                0x080005b8                memcpy
 .text          0x080006ec       0x6c /usr/lib/gcc/arm-none-eabi/13.2.1/../../../arm-none-eabi/lib/thumb/v7e-m+fp/hard/libg.a(libc_a-reent.o)
                0x080006ec                _reclaim_reent
 .text          0x08000758       0x50 /usr/lib/gcc/arm-none-eabi/13.2.1/../../../arm-none-eabi/lib/thumb/v7e-m+fp/hard/libg.a(libc_a-init.o)
                0x08000758                __libc_init_array
 .text          0x080007a8        0xc /usr/lib/gcc/arm-none-eabi/13.2.1/../../../arm-none-eabi/lib/thumb/v7e-m+fp/hard/libg.a(libc_a-atexit.o)
                0x080007a8                atexit
 .text          0x080007b4       0x28 /usr/lib/gcc/arm-none-eabi/13.2.1/../../../arm-none-eabi/lib/thumb/v7e-m+fp/hard/libg.a(libc_a-fini.o)
                0x080007b4                __libc_fini_array
 .text          0x080007dc      0x2b0 /usr/lib/gcc/arm-none-eabi/13.2.1/../../../arm-none-eabi/lib/thumb/v7e-m+fp/hard/libg.a(libc_a-freer.o)
                0x080007dc                _malloc_trim_r
                0x08000894                _free_r
 .text          0x08000a8c       0x1c /usr/lib/gcc/arm-none-eabi/13.2.1/../../../arm-none-eabi/lib/thumb/v7e-m+fp/hard/libg.a(libc_a-sysconf.o)
                0x08000a8c                sysconf
 .text          0x08000aa8       0x64 /usr/lib/gcc/arm-none-eabi/13.2.1/../../../arm-none-eabi/lib/thumb/v7e-m+fp/hard/libg.a(libc_a-__atexit.o)
                0x08000aa8                __register_exitproc
 .text          0x08000b0c        0x8 /usr/lib/gcc/arm-none-eabi/13.2.1/../../../arm-none-eabi/lib/thumb/v7e-m+fp/hard/libg.a(libc_a-mlock.o)
                0x08000b0c                __malloc_lock
                0x08000b10                __malloc_unlock
 .text          0x08000b14       0x24 /usr/lib/gcc/arm-none-eabi/13.2.1/../../../arm-none-eabi/lib/thumb/v7e-m+fp/hard/libg.a(libc_a-sbrkr.o)
                0x08000b14                _sbrk_r
 *(.text*)
 .text.push_one_button_at_a_time
                0x08000b38       0xf8 CMakeFiles/stm32f407g-disc1.elf.dir/Application/demo_task.c.obj
                0x08000b38                push_one_button_at_a_time
 .text.StartDefaultTask
                0x08000c30        0xe CMakeFiles/stm32f407g-disc1.elf.dir/Core/Src/freertos.c.obj
                0x08000c30                StartDefaultTask
 .text.StartTask03
                0x08000c3e        0xa CMakeFiles/stm32f407g-disc1.elf.dir/Core/Src/freertos.c.obj
                0x08000c3e                StartTask03
 .text.myTestTaskStart
                0x08000c48        0xe CMakeFiles/stm32f407g-disc1.elf.dir/Core/Src/freertos.c.obj
                0x08000c48                myTestTaskStart
 .text.vApplicationStackOverflowHook
                0x08000c56        0x2 CMakeFiles/stm32f407g-disc1.elf.dir/Core/Src/freertos.c.obj
                0x08000c56                vApplicationStackOverflowHook
 .text.vApplicationMallocFailedHook
                0x08000c58        0x2 CMakeFiles/stm32f407g-disc1.elf.dir/Core/Src/freertos.c.obj
                0x08000c58                vApplicationMallocFailedHook
 *fill*         0x08000c5a        0x2 
 .text.MX_FREERTOS_Init
                0x08000c5c       0x54 CMakeFiles/stm32f407g-disc1.elf.dir/Core/Src/freertos.c.obj
                0x08000c5c                MX_FREERTOS_Init
 .text.MX_GPIO_Init
                0x08000cb0      0x1d8 CMakeFiles/stm32f407g-disc1.elf.dir/Core/Src/gpio.c.obj
                0x08000cb0                MX_GPIO_Init
 .text.MX_I2C1_Init
                0x08000e88       0x3c CMakeFiles/stm32f407g-disc1.elf.dir/Core/Src/i2c.c.obj
                0x08000e88                MX_I2C1_Init
 .text.HAL_I2C_MspInit
                0x08000ec4       0x70 CMakeFiles/stm32f407g-disc1.elf.dir/Core/Src/i2c.c.obj
                0x08000ec4                HAL_I2C_MspInit
 .text.Error_Handler
                0x08000f34        0x4 CMakeFiles/stm32f407g-disc1.elf.dir/Core/Src/main.c.obj
                0x08000f34                Error_Handler
 .text.SystemClock_Config
                0x08000f38       0xac CMakeFiles/stm32f407g-disc1.elf.dir/Core/Src/main.c.obj
                0x08000f38                SystemClock_Config
 .text.main     0x08000fe4       0x24 CMakeFiles/stm32f407g-disc1.elf.dir/Core/Src/main.c.obj
                0x08000fe4                main
 .text.HAL_MspInit
                0x08001008       0x44 CMakeFiles/stm32f407g-disc1.elf.dir/Core/Src/stm32f4xx_hal_msp.c.obj
                0x08001008                HAL_MspInit
 .text.NMI_Handler
                0x0800104c        0x2 CMakeFiles/stm32f407g-disc1.elf.dir/Core/Src/stm32f4xx_it.c.obj
                0x0800104c                NMI_Handler
 .text.HardFault_Handler
                0x0800104e        0x2 CMakeFiles/stm32f407g-disc1.elf.dir/Core/Src/stm32f4xx_it.c.obj
                0x0800104e                HardFault_Handler
 .text.MemManage_Handler
                0x08001050        0x2 CMakeFiles/stm32f407g-disc1.elf.dir/Core/Src/stm32f4xx_it.c.obj
                0x08001050                MemManage_Handler
 .text.BusFault_Handler
                0x08001052        0x2 CMakeFiles/stm32f407g-disc1.elf.dir/Core/Src/stm32f4xx_it.c.obj
                0x08001052                BusFault_Handler
 .text.UsageFault_Handler
                0x08001054        0x2 CMakeFiles/stm32f407g-disc1.elf.dir/Core/Src/stm32f4xx_it.c.obj
                0x08001054                UsageFault_Handler
 .text.DebugMon_Handler
                0x08001056        0x2 CMakeFiles/stm32f407g-disc1.elf.dir/Core/Src/stm32f4xx_it.c.obj
                0x08001056                DebugMon_Handler
 .text.SysTick_Handler
                0x08001058       0x16 CMakeFiles/stm32f407g-disc1.elf.dir/Core/Src/stm32f4xx_it.c.obj
                0x08001058                SysTick_Handler
 *fill*         0x0800106e        0x2 
 .text.OTG_FS_IRQHandler
                0x08001070       0x10 CMakeFiles/stm32f407g-disc1.elf.dir/Core/Src/stm32f4xx_it.c.obj
                0x08001070                OTG_FS_IRQHandler
 .text._sbrk    0x08001080       0x48 CMakeFiles/stm32f407g-disc1.elf.dir/Core/Src/sysmem.c.obj
                0x08001080                _sbrk
 .text.SystemInit
                0x080010c8       0x14 CMakeFiles/stm32f407g-disc1.elf.dir/Core/Src/system_stm32f4xx.c.obj
                0x080010c8                SystemInit
 .text.Reset_Handler
                0x080010dc       0x50 CMakeFiles/stm32f407g-disc1.elf.dir/Core/Startup/startup_stm32f407vgtx.s.obj
                0x080010dc                Reset_Handler
 .text.Default_Handler
                0x0800112c        0x2 CMakeFiles/stm32f407g-disc1.elf.dir/Core/Startup/startup_stm32f407vgtx.s.obj
                0x0800112c                RTC_Alarm_IRQHandler
                0x0800112c                HASH_RNG_IRQHandler
                0x0800112c                EXTI2_IRQHandler
                0x0800112c                TIM8_CC_IRQHandler
                0x0800112c                TIM1_CC_IRQHandler
                0x0800112c                DMA2_Stream5_IRQHandler
                0x0800112c                DMA1_Stream5_IRQHandler
                0x0800112c                PVD_IRQHandler
                0x0800112c                SDIO_IRQHandler
                0x0800112c                TAMP_STAMP_IRQHandler
                0x0800112c                CAN2_RX1_IRQHandler
                0x0800112c                EXTI3_IRQHandler
                0x0800112c                TIM8_TRG_COM_TIM14_IRQHandler
                0x0800112c                TIM1_UP_TIM10_IRQHandler
                0x0800112c                TIM8_UP_TIM13_IRQHandler
                0x0800112c                I2C3_ER_IRQHandler
                0x0800112c                EXTI0_IRQHandler
                0x0800112c                I2C2_EV_IRQHandler
                0x0800112c                DMA1_Stream2_IRQHandler
                0x0800112c                CAN1_RX0_IRQHandler
                0x0800112c                FPU_IRQHandler
                0x0800112c                OTG_HS_WKUP_IRQHandler
                0x0800112c                CAN2_SCE_IRQHandler
                0x0800112c                DMA2_Stream2_IRQHandler
                0x0800112c                SPI1_IRQHandler
                0x0800112c                TIM6_DAC_IRQHandler
                0x0800112c                TIM1_BRK_TIM9_IRQHandler
                0x0800112c                DCMI_IRQHandler
                0x0800112c                CAN2_RX0_IRQHandler
                0x0800112c                DMA2_Stream3_IRQHandler
                0x0800112c                USART6_IRQHandler
                0x0800112c                USART3_IRQHandler
                0x0800112c                CAN1_RX1_IRQHandler
                0x0800112c                UART5_IRQHandler
                0x0800112c                DMA2_Stream0_IRQHandler
                0x0800112c                TIM4_IRQHandler
                0x0800112c                I2C1_EV_IRQHandler
                0x0800112c                DMA1_Stream6_IRQHandler
                0x0800112c                DMA1_Stream1_IRQHandler
                0x0800112c                UART4_IRQHandler
                0x0800112c                TIM3_IRQHandler
                0x0800112c                RCC_IRQHandler
                0x0800112c                TIM8_BRK_TIM12_IRQHandler
                0x0800112c                Default_Handler
                0x0800112c                EXTI15_10_IRQHandler
                0x0800112c                ADC_IRQHandler
                0x0800112c                DMA1_Stream7_IRQHandler
                0x0800112c                TIM7_IRQHandler
                0x0800112c                CAN2_TX_IRQHandler
                0x0800112c                TIM5_IRQHandler
                0x0800112c                DMA2_Stream7_IRQHandler
                0x0800112c                I2C3_EV_IRQHandler
                0x0800112c                EXTI9_5_IRQHandler
                0x0800112c                RTC_WKUP_IRQHandler
                0x0800112c                ETH_WKUP_IRQHandler
                0x0800112c                SPI2_IRQHandler
                0x0800112c                OTG_HS_EP1_IN_IRQHandler
                0x0800112c                DMA1_Stream0_IRQHandler
                0x0800112c                CAN1_TX_IRQHandler
                0x0800112c                EXTI4_IRQHandler
                0x0800112c                FSMC_IRQHandler
                0x0800112c                ETH_IRQHandler
                0x0800112c                OTG_HS_EP1_OUT_IRQHandler
                0x0800112c                WWDG_IRQHandler
                0x0800112c                TIM2_IRQHandler
                0x0800112c                OTG_FS_WKUP_IRQHandler
                0x0800112c                TIM1_TRG_COM_TIM11_IRQHandler
                0x0800112c                OTG_HS_IRQHandler
                0x0800112c                EXTI1_IRQHandler
                0x0800112c                USART2_IRQHandler
                0x0800112c                I2C2_ER_IRQHandler
                0x0800112c                DMA2_Stream1_IRQHandler
                0x0800112c                CAN1_SCE_IRQHandler
                0x0800112c                FLASH_IRQHandler
                0x0800112c                DMA2_Stream4_IRQHandler
                0x0800112c                USART1_IRQHandler
                0x0800112c                SPI3_IRQHandler
                0x0800112c                DMA1_Stream4_IRQHandler
                0x0800112c                I2C1_ER_IRQHandler
                0x0800112c                DMA2_Stream6_IRQHandler
                0x0800112c                DMA1_Stream3_IRQHandler
 *fill*         0x0800112e        0x2 
 .text.HAL_InitTick
                0x08001130       0x4c CMakeFiles/stm32f407g-disc1.elf.dir/Drivers/STM32F4xx_HAL_Driver/Src/stm32f4xx_hal.c.obj
                0x08001130                HAL_InitTick
 .text.HAL_Init
                0x0800117c       0x34 CMakeFiles/stm32f407g-disc1.elf.dir/Drivers/STM32F4xx_HAL_Driver/Src/stm32f4xx_hal.c.obj
                0x0800117c                HAL_Init
 .text.HAL_IncTick
                0x080011b0       0x18 CMakeFiles/stm32f407g-disc1.elf.dir/Drivers/STM32F4xx_HAL_Driver/Src/stm32f4xx_hal.c.obj
                0x080011b0                HAL_IncTick
 .text.HAL_GetTick
                0x080011c8        0xc CMakeFiles/stm32f407g-disc1.elf.dir/Drivers/STM32F4xx_HAL_Driver/Src/stm32f4xx_hal.c.obj
                0x080011c8                HAL_GetTick
 .text.HAL_Delay
                0x080011d4       0x28 CMakeFiles/stm32f407g-disc1.elf.dir/Drivers/STM32F4xx_HAL_Driver/Src/stm32f4xx_hal.c.obj
                0x080011d4                HAL_Delay
 .text.__NVIC_EnableIRQ
                0x080011fc       0x1c CMakeFiles/stm32f407g-disc1.elf.dir/Drivers/STM32F4xx_HAL_Driver/Src/stm32f4xx_hal_cortex.c.obj
 .text.__NVIC_SetPriority
                0x08001218       0x28 CMakeFiles/stm32f407g-disc1.elf.dir/Drivers/STM32F4xx_HAL_Driver/Src/stm32f4xx_hal_cortex.c.obj
 .text.NVIC_EncodePriority
                0x08001240       0x3e CMakeFiles/stm32f407g-disc1.elf.dir/Drivers/STM32F4xx_HAL_Driver/Src/stm32f4xx_hal_cortex.c.obj
 *fill*         0x0800127e        0x2 
 .text.HAL_NVIC_SetPriorityGrouping
                0x08001280       0x24 CMakeFiles/stm32f407g-disc1.elf.dir/Drivers/STM32F4xx_HAL_Driver/Src/stm32f4xx_hal_cortex.c.obj
                0x08001280                HAL_NVIC_SetPriorityGrouping
 .text.HAL_NVIC_SetPriority
                0x080012a4       0x20 CMakeFiles/stm32f407g-disc1.elf.dir/Drivers/STM32F4xx_HAL_Driver/Src/stm32f4xx_hal_cortex.c.obj
                0x080012a4                HAL_NVIC_SetPriority
 .text.HAL_NVIC_EnableIRQ
                0x080012c4        0x8 CMakeFiles/stm32f407g-disc1.elf.dir/Drivers/STM32F4xx_HAL_Driver/Src/stm32f4xx_hal_cortex.c.obj
                0x080012c4                HAL_NVIC_EnableIRQ
 .text.HAL_SYSTICK_Config
                0x080012cc       0x28 CMakeFiles/stm32f407g-disc1.elf.dir/Drivers/STM32F4xx_HAL_Driver/Src/stm32f4xx_hal_cortex.c.obj
                0x080012cc                HAL_SYSTICK_Config
 .text.HAL_GPIO_Init
                0x080012f4      0x1ec CMakeFiles/stm32f407g-disc1.elf.dir/Drivers/STM32F4xx_HAL_Driver/Src/stm32f4xx_hal_gpio.c.obj
                0x080012f4                HAL_GPIO_Init
 .text.HAL_GPIO_ReadPin
                0x080014e0        0xe CMakeFiles/stm32f407g-disc1.elf.dir/Drivers/STM32F4xx_HAL_Driver/Src/stm32f4xx_hal_gpio.c.obj
                0x080014e0                HAL_GPIO_ReadPin
 .text.HAL_GPIO_WritePin
                0x080014ee        0xc CMakeFiles/stm32f407g-disc1.elf.dir/Drivers/STM32F4xx_HAL_Driver/Src/stm32f4xx_hal_gpio.c.obj
                0x080014ee                HAL_GPIO_WritePin
 *fill*         0x080014fa        0x2 
 .text.HAL_I2C_Init
                0x080014fc      0x1bc CMakeFiles/stm32f407g-disc1.elf.dir/Drivers/STM32F4xx_HAL_Driver/Src/stm32f4xx_hal_i2c.c.obj
                0x080014fc                HAL_I2C_Init
 .text.PCD_WriteEmptyTxFifo
                0x080016b8       0xd0 CMakeFiles/stm32f407g-disc1.elf.dir/Drivers/STM32F4xx_HAL_Driver/Src/stm32f4xx_hal_pcd.c.obj
 .text.HAL_PCD_Init
                0x08001788      0x102 CMakeFiles/stm32f407g-disc1.elf.dir/Drivers/STM32F4xx_HAL_Driver/Src/stm32f4xx_hal_pcd.c.obj
                0x08001788                HAL_PCD_Init
 .text.HAL_PCD_Start
                0x0800188a       0x44 CMakeFiles/stm32f407g-disc1.elf.dir/Drivers/STM32F4xx_HAL_Driver/Src/stm32f4xx_hal_pcd.c.obj
                0x0800188a                HAL_PCD_Start
 *fill*         0x080018ce        0x2 
 .text.PCD_EP_OutXfrComplete_int
                0x080018d0      0x104 CMakeFiles/stm32f407g-disc1.elf.dir/Drivers/STM32F4xx_HAL_Driver/Src/stm32f4xx_hal_pcd.c.obj
 .text.PCD_EP_OutSetupPacket_int
                0x080019d4       0x50 CMakeFiles/stm32f407g-disc1.elf.dir/Drivers/STM32F4xx_HAL_Driver/Src/stm32f4xx_hal_pcd.c.obj
 .text.HAL_PCD_SetAddress
                0x08001a24       0x26 CMakeFiles/stm32f407g-disc1.elf.dir/Drivers/STM32F4xx_HAL_Driver/Src/stm32f4xx_hal_pcd.c.obj
                0x08001a24                HAL_PCD_SetAddress
 .text.HAL_PCD_EP_Open
                0x08001a4a       0x8c CMakeFiles/stm32f407g-disc1.elf.dir/Drivers/STM32F4xx_HAL_Driver/Src/stm32f4xx_hal_pcd.c.obj
                0x08001a4a                HAL_PCD_EP_Open
 .text.HAL_PCD_EP_Close
                0x08001ad6       0x70 CMakeFiles/stm32f407g-disc1.elf.dir/Drivers/STM32F4xx_HAL_Driver/Src/stm32f4xx_hal_pcd.c.obj
                0x08001ad6                HAL_PCD_EP_Close
 .text.HAL_PCD_EP_Receive
                0x08001b46       0x4a CMakeFiles/stm32f407g-disc1.elf.dir/Drivers/STM32F4xx_HAL_Driver/Src/stm32f4xx_hal_pcd.c.obj
                0x08001b46                HAL_PCD_EP_Receive
 .text.HAL_PCD_EP_GetRxCount
                0x08001b90       0x12 CMakeFiles/stm32f407g-disc1.elf.dir/Drivers/STM32F4xx_HAL_Driver/Src/stm32f4xx_hal_pcd.c.obj
                0x08001b90                HAL_PCD_EP_GetRxCount
 .text.HAL_PCD_EP_Transmit
                0x08001ba2       0x4a CMakeFiles/stm32f407g-disc1.elf.dir/Drivers/STM32F4xx_HAL_Driver/Src/stm32f4xx_hal_pcd.c.obj
                0x08001ba2                HAL_PCD_EP_Transmit
 .text.HAL_PCD_EP_SetStall
                0x08001bec       0x86 CMakeFiles/stm32f407g-disc1.elf.dir/Drivers/STM32F4xx_HAL_Driver/Src/stm32f4xx_hal_pcd.c.obj
                0x08001bec                HAL_PCD_EP_SetStall
 .text.HAL_PCD_EP_ClrStall
                0x08001c72       0x74 CMakeFiles/stm32f407g-disc1.elf.dir/Drivers/STM32F4xx_HAL_Driver/Src/stm32f4xx_hal_pcd.c.obj
                0x08001c72                HAL_PCD_EP_ClrStall
 .text.HAL_PCD_EP_Abort
                0x08001ce6       0x34 CMakeFiles/stm32f407g-disc1.elf.dir/Drivers/STM32F4xx_HAL_Driver/Src/stm32f4xx_hal_pcd.c.obj
                0x08001ce6                HAL_PCD_EP_Abort
 .text.HAL_PCD_IRQHandler
                0x08001d1a      0x5c0 CMakeFiles/stm32f407g-disc1.elf.dir/Drivers/STM32F4xx_HAL_Driver/Src/stm32f4xx_hal_pcd.c.obj
                0x08001d1a                HAL_PCD_IRQHandler
 .text.HAL_PCDEx_SetTxFiFo
                0x080022da       0x4c CMakeFiles/stm32f407g-disc1.elf.dir/Drivers/STM32F4xx_HAL_Driver/Src/stm32f4xx_hal_pcd_ex.c.obj
                0x080022da                HAL_PCDEx_SetTxFiFo
 .text.HAL_PCDEx_SetRxFiFo
                0x08002326        0x8 CMakeFiles/stm32f407g-disc1.elf.dir/Drivers/STM32F4xx_HAL_Driver/Src/stm32f4xx_hal_pcd_ex.c.obj
                0x08002326                HAL_PCDEx_SetRxFiFo
 .text.HAL_PCDEx_LPM_Callback
                0x0800232e        0x2 CMakeFiles/stm32f407g-disc1.elf.dir/Drivers/STM32F4xx_HAL_Driver/Src/stm32f4xx_hal_pcd_ex.c.obj
                0x0800232e                HAL_PCDEx_LPM_Callback
 .text.HAL_RCC_OscConfig
                0x08002330      0x3f8 CMakeFiles/stm32f407g-disc1.elf.dir/Drivers/STM32F4xx_HAL_Driver/Src/stm32f4xx_hal_rcc.c.obj
                0x08002330                HAL_RCC_OscConfig
 .text.HAL_RCC_GetSysClockFreq
                0x08002728       0xdc CMakeFiles/stm32f407g-disc1.elf.dir/Drivers/STM32F4xx_HAL_Driver/Src/stm32f4xx_hal_rcc.c.obj
                0x08002728                HAL_RCC_GetSysClockFreq
 .text.HAL_RCC_ClockConfig
                0x08002804      0x160 CMakeFiles/stm32f407g-disc1.elf.dir/Drivers/STM32F4xx_HAL_Driver/Src/stm32f4xx_hal_rcc.c.obj
                0x08002804                HAL_RCC_ClockConfig
 .text.HAL_RCC_GetHCLKFreq
                0x08002964        0xc CMakeFiles/stm32f407g-disc1.elf.dir/Drivers/STM32F4xx_HAL_Driver/Src/stm32f4xx_hal_rcc.c.obj
                0x08002964                HAL_RCC_GetHCLKFreq
 .text.HAL_RCC_GetPCLK1Freq
                0x08002970       0x20 CMakeFiles/stm32f407g-disc1.elf.dir/Drivers/STM32F4xx_HAL_Driver/Src/stm32f4xx_hal_rcc.c.obj
                0x08002970                HAL_RCC_GetPCLK1Freq
 .text.USB_CoreReset
                0x08002990       0x4a CMakeFiles/stm32f407g-disc1.elf.dir/Drivers/STM32F4xx_HAL_Driver/Src/stm32f4xx_ll_usb.c.obj
 .text.USB_CoreInit
                0x080029da       0x92 CMakeFiles/stm32f407g-disc1.elf.dir/Drivers/STM32F4xx_HAL_Driver/Src/stm32f4xx_ll_usb.c.obj
                0x080029da                USB_CoreInit
 .text.USB_SetTurnaroundTime
                0x08002a6c       0xe4 CMakeFiles/stm32f407g-disc1.elf.dir/Drivers/STM32F4xx_HAL_Driver/Src/stm32f4xx_ll_usb.c.obj
                0x08002a6c                USB_SetTurnaroundTime
 .text.USB_EnableGlobalInt
                0x08002b50        0xc CMakeFiles/stm32f407g-disc1.elf.dir/Drivers/STM32F4xx_HAL_Driver/Src/stm32f4xx_ll_usb.c.obj
                0x08002b50                USB_EnableGlobalInt
 .text.USB_DisableGlobalInt
                0x08002b5c        0xc CMakeFiles/stm32f407g-disc1.elf.dir/Drivers/STM32F4xx_HAL_Driver/Src/stm32f4xx_ll_usb.c.obj
                0x08002b5c                USB_DisableGlobalInt
 .text.USB_FlushTxFifo
                0x08002b68       0x4a CMakeFiles/stm32f407g-disc1.elf.dir/Drivers/STM32F4xx_HAL_Driver/Src/stm32f4xx_ll_usb.c.obj
                0x08002b68                USB_FlushTxFifo
 .text.USB_FlushRxFifo
                0x08002bb2       0x46 CMakeFiles/stm32f407g-disc1.elf.dir/Drivers/STM32F4xx_HAL_Driver/Src/stm32f4xx_ll_usb.c.obj
                0x08002bb2                USB_FlushRxFifo
 .text.USB_SetDevSpeed
                0x08002bf8        0xe CMakeFiles/stm32f407g-disc1.elf.dir/Drivers/STM32F4xx_HAL_Driver/Src/stm32f4xx_ll_usb.c.obj
                0x08002bf8                USB_SetDevSpeed
 *fill*         0x08002c06        0x2 
 .text.USB_DevInit
                0x08002c08      0x194 CMakeFiles/stm32f407g-disc1.elf.dir/Drivers/STM32F4xx_HAL_Driver/Src/stm32f4xx_ll_usb.c.obj
                0x08002c08                USB_DevInit
 .text.USB_GetDevSpeed
                0x08002d9c       0x22 CMakeFiles/stm32f407g-disc1.elf.dir/Drivers/STM32F4xx_HAL_Driver/Src/stm32f4xx_ll_usb.c.obj
                0x08002d9c                USB_GetDevSpeed
 .text.USB_ActivateEndpoint
                0x08002dbe       0x9a CMakeFiles/stm32f407g-disc1.elf.dir/Drivers/STM32F4xx_HAL_Driver/Src/stm32f4xx_ll_usb.c.obj
                0x08002dbe                USB_ActivateEndpoint
 .text.USB_DeactivateEndpoint
                0x08002e58       0xe0 CMakeFiles/stm32f407g-disc1.elf.dir/Drivers/STM32F4xx_HAL_Driver/Src/stm32f4xx_ll_usb.c.obj
                0x08002e58                USB_DeactivateEndpoint
 .text.USB_EPStopXfer
                0x08002f38       0xbe CMakeFiles/stm32f407g-disc1.elf.dir/Drivers/STM32F4xx_HAL_Driver/Src/stm32f4xx_ll_usb.c.obj
                0x08002f38                USB_EPStopXfer
 .text.USB_WritePacket
                0x08002ff6       0x2e CMakeFiles/stm32f407g-disc1.elf.dir/Drivers/STM32F4xx_HAL_Driver/Src/stm32f4xx_ll_usb.c.obj
                0x08002ff6                USB_WritePacket
 .text.USB_EPStartXfer
                0x08003024      0x244 CMakeFiles/stm32f407g-disc1.elf.dir/Drivers/STM32F4xx_HAL_Driver/Src/stm32f4xx_ll_usb.c.obj
                0x08003024                USB_EPStartXfer
 .text.USB_ReadPacket
                0x08003268       0x46 CMakeFiles/stm32f407g-disc1.elf.dir/Drivers/STM32F4xx_HAL_Driver/Src/stm32f4xx_ll_usb.c.obj
                0x08003268                USB_ReadPacket
 .text.USB_EPSetStall
                0x080032ae       0x5a CMakeFiles/stm32f407g-disc1.elf.dir/Drivers/STM32F4xx_HAL_Driver/Src/stm32f4xx_ll_usb.c.obj
                0x080032ae                USB_EPSetStall
 .text.USB_EPClearStall
                0x08003308       0x5c CMakeFiles/stm32f407g-disc1.elf.dir/Drivers/STM32F4xx_HAL_Driver/Src/stm32f4xx_ll_usb.c.obj
                0x08003308                USB_EPClearStall
 .text.USB_SetDevAddress
                0x08003364       0x20 CMakeFiles/stm32f407g-disc1.elf.dir/Drivers/STM32F4xx_HAL_Driver/Src/stm32f4xx_ll_usb.c.obj
                0x08003364                USB_SetDevAddress
 .text.USB_DevConnect
                0x08003384       0x1c CMakeFiles/stm32f407g-disc1.elf.dir/Drivers/STM32F4xx_HAL_Driver/Src/stm32f4xx_ll_usb.c.obj
                0x08003384                USB_DevConnect
 .text.USB_DevDisconnect
                0x080033a0       0x1c CMakeFiles/stm32f407g-disc1.elf.dir/Drivers/STM32F4xx_HAL_Driver/Src/stm32f4xx_ll_usb.c.obj
                0x080033a0                USB_DevDisconnect
 .text.USB_ReadInterrupts
                0x080033bc        0x8 CMakeFiles/stm32f407g-disc1.elf.dir/Drivers/STM32F4xx_HAL_Driver/Src/stm32f4xx_ll_usb.c.obj
                0x080033bc                USB_ReadInterrupts
 .text.USB_ReadDevAllOutEpInterrupt
                0x080033c4       0x10 CMakeFiles/stm32f407g-disc1.elf.dir/Drivers/STM32F4xx_HAL_Driver/Src/stm32f4xx_ll_usb.c.obj
                0x080033c4                USB_ReadDevAllOutEpInterrupt
 .text.USB_ReadDevAllInEpInterrupt
                0x080033d4       0x10 CMakeFiles/stm32f407g-disc1.elf.dir/Drivers/STM32F4xx_HAL_Driver/Src/stm32f4xx_ll_usb.c.obj
                0x080033d4                USB_ReadDevAllInEpInterrupt
 .text.USB_ReadDevOutEPInterrupt
                0x080033e4       0x12 CMakeFiles/stm32f407g-disc1.elf.dir/Drivers/STM32F4xx_HAL_Driver/Src/stm32f4xx_ll_usb.c.obj
                0x080033e4                USB_ReadDevOutEPInterrupt
 .text.USB_ReadDevInEPInterrupt
                0x080033f6       0x24 CMakeFiles/stm32f407g-disc1.elf.dir/Drivers/STM32F4xx_HAL_Driver/Src/stm32f4xx_ll_usb.c.obj
                0x080033f6                USB_ReadDevInEPInterrupt
 .text.USB_GetMode
                0x0800341a        0x8 CMakeFiles/stm32f407g-disc1.elf.dir/Drivers/STM32F4xx_HAL_Driver/Src/stm32f4xx_ll_usb.c.obj
                0x0800341a                USB_GetMode
 .text.USB_SetCurrentMode
                0x08003422       0x62 CMakeFiles/stm32f407g-disc1.elf.dir/Drivers/STM32F4xx_HAL_Driver/Src/stm32f4xx_ll_usb.c.obj
                0x08003422                USB_SetCurrentMode
 .text.USB_ActivateSetup
                0x08003484       0x1c CMakeFiles/stm32f407g-disc1.elf.dir/Drivers/STM32F4xx_HAL_Driver/Src/stm32f4xx_ll_usb.c.obj
                0x08003484                USB_ActivateSetup
 .text.USB_EP0_OutStart
                0x080034a0       0x60 CMakeFiles/stm32f407g-disc1.elf.dir/Drivers/STM32F4xx_HAL_Driver/Src/stm32f4xx_ll_usb.c.obj
                0x080034a0                USB_EP0_OutStart
 .text.USBD_CDC_EP0_RxReady
                0x08003500       0x40 CMakeFiles/stm32f407g-disc1.elf.dir/Middlewares/ST/STM32_USB_Device_Library/Class/CDC/Src/usbd_cdc.c.obj
 .text.USBD_CDC_GetDeviceQualifierDescriptor
                0x08003540        0xc CMakeFiles/stm32f407g-disc1.elf.dir/Middlewares/ST/STM32_USB_Device_Library/Class/CDC/Src/usbd_cdc.c.obj
                0x08003540                USBD_CDC_GetDeviceQualifierDescriptor
 .text.USBD_CDC_GetOtherSpeedCfgDesc
                0x0800354c       0x48 CMakeFiles/stm32f407g-disc1.elf.dir/Middlewares/ST/STM32_USB_Device_Library/Class/CDC/Src/usbd_cdc.c.obj
 .text.USBD_CDC_GetFSCfgDesc
                0x08003594       0x48 CMakeFiles/stm32f407g-disc1.elf.dir/Middlewares/ST/STM32_USB_Device_Library/Class/CDC/Src/usbd_cdc.c.obj
 .text.USBD_CDC_GetHSCfgDesc
                0x080035dc       0x48 CMakeFiles/stm32f407g-disc1.elf.dir/Middlewares/ST/STM32_USB_Device_Library/Class/CDC/Src/usbd_cdc.c.obj
 .text.USBD_CDC_DataOut
                0x08003624       0x38 CMakeFiles/stm32f407g-disc1.elf.dir/Middlewares/ST/STM32_USB_Device_Library/Class/CDC/Src/usbd_cdc.c.obj
 .text.USBD_CDC_DataIn
                0x0800365c       0x7c CMakeFiles/stm32f407g-disc1.elf.dir/Middlewares/ST/STM32_USB_Device_Library/Class/CDC/Src/usbd_cdc.c.obj
 .text.USBD_CDC_Setup
                0x080036d8      0x11a CMakeFiles/stm32f407g-disc1.elf.dir/Middlewares/ST/STM32_USB_Device_Library/Class/CDC/Src/usbd_cdc.c.obj
 .text.USBD_CDC_DeInit
                0x080037f2       0x64 CMakeFiles/stm32f407g-disc1.elf.dir/Middlewares/ST/STM32_USB_Device_Library/Class/CDC/Src/usbd_cdc.c.obj
 .text.USBD_CDC_Init
                0x08003856       0xee CMakeFiles/stm32f407g-disc1.elf.dir/Middlewares/ST/STM32_USB_Device_Library/Class/CDC/Src/usbd_cdc.c.obj
 .text.USBD_CDC_RegisterInterface
                0x08003944       0x16 CMakeFiles/stm32f407g-disc1.elf.dir/Middlewares/ST/STM32_USB_Device_Library/Class/CDC/Src/usbd_cdc.c.obj
                0x08003944                USBD_CDC_RegisterInterface
 .text.USBD_CDC_SetTxBuffer
                0x0800395a       0x1c CMakeFiles/stm32f407g-disc1.elf.dir/Middlewares/ST/STM32_USB_Device_Library/Class/CDC/Src/usbd_cdc.c.obj
                0x0800395a                USBD_CDC_SetTxBuffer
 .text.USBD_CDC_SetRxBuffer
                0x08003976       0x18 CMakeFiles/stm32f407g-disc1.elf.dir/Middlewares/ST/STM32_USB_Device_Library/Class/CDC/Src/usbd_cdc.c.obj
                0x08003976                USBD_CDC_SetRxBuffer
 .text.USBD_CDC_ReceivePacket
                0x0800398e       0x38 CMakeFiles/stm32f407g-disc1.elf.dir/Middlewares/ST/STM32_USB_Device_Library/Class/CDC/Src/usbd_cdc.c.obj
                0x0800398e                USBD_CDC_ReceivePacket
 .text.USBD_Init
                0x080039c6       0x2e CMakeFiles/stm32f407g-disc1.elf.dir/Middlewares/ST/STM32_USB_Device_Library/Core/Src/usbd_core.c.obj
                0x080039c6                USBD_Init
 .text.USBD_RegisterClass
                0x080039f4       0x34 CMakeFiles/stm32f407g-disc1.elf.dir/Middlewares/ST/STM32_USB_Device_Library/Core/Src/usbd_core.c.obj
                0x080039f4                USBD_RegisterClass
 .text.USBD_Start
                0x08003a28        0x8 CMakeFiles/stm32f407g-disc1.elf.dir/Middlewares/ST/STM32_USB_Device_Library/Core/Src/usbd_core.c.obj
                0x08003a28                USBD_Start
 .text.USBD_SetClassConfig
                0x08003a30       0x12 CMakeFiles/stm32f407g-disc1.elf.dir/Middlewares/ST/STM32_USB_Device_Library/Core/Src/usbd_core.c.obj
                0x08003a30                USBD_SetClassConfig
 .text.USBD_ClrClassConfig
                0x08003a42       0x12 CMakeFiles/stm32f407g-disc1.elf.dir/Middlewares/ST/STM32_USB_Device_Library/Core/Src/usbd_core.c.obj
                0x08003a42                USBD_ClrClassConfig
 .text.USBD_LL_SetupStage
                0x08003a54       0x58 CMakeFiles/stm32f407g-disc1.elf.dir/Middlewares/ST/STM32_USB_Device_Library/Core/Src/usbd_core.c.obj
                0x08003a54                USBD_LL_SetupStage
 .text.USBD_LL_Reset
                0x08003aac       0x64 CMakeFiles/stm32f407g-disc1.elf.dir/Middlewares/ST/STM32_USB_Device_Library/Core/Src/usbd_core.c.obj
                0x08003aac                USBD_LL_Reset
 .text.USBD_LL_SetSpeed
                0x08003b10        0x6 CMakeFiles/stm32f407g-disc1.elf.dir/Middlewares/ST/STM32_USB_Device_Library/Core/Src/usbd_core.c.obj
                0x08003b10                USBD_LL_SetSpeed
 .text.USBD_LL_Suspend
                0x08003b16       0x1e CMakeFiles/stm32f407g-disc1.elf.dir/Middlewares/ST/STM32_USB_Device_Library/Core/Src/usbd_core.c.obj
                0x08003b16                USBD_LL_Suspend
 .text.USBD_LL_Resume
                0x08003b34       0x1a CMakeFiles/stm32f407g-disc1.elf.dir/Middlewares/ST/STM32_USB_Device_Library/Core/Src/usbd_core.c.obj
                0x08003b34                USBD_LL_Resume
 .text.USBD_LL_SOF
                0x08003b4e       0x22 CMakeFiles/stm32f407g-disc1.elf.dir/Middlewares/ST/STM32_USB_Device_Library/Core/Src/usbd_core.c.obj
                0x08003b4e                USBD_LL_SOF
 .text.USBD_LL_IsoINIncomplete
                0x08003b70       0x2e CMakeFiles/stm32f407g-disc1.elf.dir/Middlewares/ST/STM32_USB_Device_Library/Core/Src/usbd_core.c.obj
                0x08003b70                USBD_LL_IsoINIncomplete
 .text.USBD_LL_IsoOUTIncomplete
                0x08003b9e       0x2e CMakeFiles/stm32f407g-disc1.elf.dir/Middlewares/ST/STM32_USB_Device_Library/Core/Src/usbd_core.c.obj
                0x08003b9e                USBD_LL_IsoOUTIncomplete
 .text.USBD_LL_DevConnected
                0x08003bcc        0x4 CMakeFiles/stm32f407g-disc1.elf.dir/Middlewares/ST/STM32_USB_Device_Library/Core/Src/usbd_core.c.obj
                0x08003bcc                USBD_LL_DevConnected
 .text.USBD_LL_DevDisconnected
                0x08003bd0       0x20 CMakeFiles/stm32f407g-disc1.elf.dir/Middlewares/ST/STM32_USB_Device_Library/Core/Src/usbd_core.c.obj
                0x08003bd0                USBD_LL_DevDisconnected
 .text.USBD_CoreFindIF
                0x08003bf0        0x4 CMakeFiles/stm32f407g-disc1.elf.dir/Middlewares/ST/STM32_USB_Device_Library/Core/Src/usbd_core.c.obj
                0x08003bf0                USBD_CoreFindIF
 .text.USBD_CoreFindEP
                0x08003bf4        0x4 CMakeFiles/stm32f407g-disc1.elf.dir/Middlewares/ST/STM32_USB_Device_Library/Core/Src/usbd_core.c.obj
                0x08003bf4                USBD_CoreFindEP
 .text.USBD_LL_DataOutStage
                0x08003bf8       0xc4 CMakeFiles/stm32f407g-disc1.elf.dir/Middlewares/ST/STM32_USB_Device_Library/Core/Src/usbd_core.c.obj
                0x08003bf8                USBD_LL_DataOutStage
 .text.USBD_LL_DataInStage
                0x08003cbc       0xd6 CMakeFiles/stm32f407g-disc1.elf.dir/Middlewares/ST/STM32_USB_Device_Library/Core/Src/usbd_core.c.obj
                0x08003cbc                USBD_LL_DataInStage
 .text.USBD_GetNextDesc
                0x08003d92        0xe CMakeFiles/stm32f407g-disc1.elf.dir/Middlewares/ST/STM32_USB_Device_Library/Core/Src/usbd_core.c.obj
                0x08003d92                USBD_GetNextDesc
 .text.USBD_GetEpDesc
                0x08003da0       0x3e CMakeFiles/stm32f407g-disc1.elf.dir/Middlewares/ST/STM32_USB_Device_Library/Core/Src/usbd_core.c.obj
                0x08003da0                USBD_GetEpDesc
 .text.USBD_GetLen
                0x08003dde       0x14 CMakeFiles/stm32f407g-disc1.elf.dir/Middlewares/ST/STM32_USB_Device_Library/Core/Src/usbd_ctlreq.c.obj
 .text.USBD_ParseSetupRequest
                0x08003df2       0x28 CMakeFiles/stm32f407g-disc1.elf.dir/Middlewares/ST/STM32_USB_Device_Library/Core/Src/usbd_ctlreq.c.obj
                0x08003df2                USBD_ParseSetupRequest
 .text.USBD_CtlError
                0x08003e1a       0x14 CMakeFiles/stm32f407g-disc1.elf.dir/Middlewares/ST/STM32_USB_Device_Library/Core/Src/usbd_ctlreq.c.obj
                0x08003e1a                USBD_CtlError
 .text.USBD_GetDescriptor
                0x08003e2e      0x18a CMakeFiles/stm32f407g-disc1.elf.dir/Middlewares/ST/STM32_USB_Device_Library/Core/Src/usbd_ctlreq.c.obj
 .text.USBD_SetAddress
                0x08003fb8       0x50 CMakeFiles/stm32f407g-disc1.elf.dir/Middlewares/ST/STM32_USB_Device_Library/Core/Src/usbd_ctlreq.c.obj
 .text.USBD_SetConfig
                0x08004008       0xcc CMakeFiles/stm32f407g-disc1.elf.dir/Middlewares/ST/STM32_USB_Device_Library/Core/Src/usbd_ctlreq.c.obj
 .text.USBD_GetConfig
                0x080040d4       0x40 CMakeFiles/stm32f407g-disc1.elf.dir/Middlewares/ST/STM32_USB_Device_Library/Core/Src/usbd_ctlreq.c.obj
 .text.USBD_GetStatus
                0x08004114       0x38 CMakeFiles/stm32f407g-disc1.elf.dir/Middlewares/ST/STM32_USB_Device_Library/Core/Src/usbd_ctlreq.c.obj
 .text.USBD_SetFeature
                0x0800414c       0x2a CMakeFiles/stm32f407g-disc1.elf.dir/Middlewares/ST/STM32_USB_Device_Library/Core/Src/usbd_ctlreq.c.obj
 .text.USBD_ClrFeature
                0x08004176       0x26 CMakeFiles/stm32f407g-disc1.elf.dir/Middlewares/ST/STM32_USB_Device_Library/Core/Src/usbd_ctlreq.c.obj
 .text.USBD_StdDevReq
                0x0800419c       0x76 CMakeFiles/stm32f407g-disc1.elf.dir/Middlewares/ST/STM32_USB_Device_Library/Core/Src/usbd_ctlreq.c.obj
                0x0800419c                USBD_StdDevReq
 .text.USBD_StdItfReq
                0x08004212       0x84 CMakeFiles/stm32f407g-disc1.elf.dir/Middlewares/ST/STM32_USB_Device_Library/Core/Src/usbd_ctlreq.c.obj
                0x08004212                USBD_StdItfReq
 .text.USBD_StdEPReq
                0x08004296      0x230 CMakeFiles/stm32f407g-disc1.elf.dir/Middlewares/ST/STM32_USB_Device_Library/Core/Src/usbd_ctlreq.c.obj
                0x08004296                USBD_StdEPReq
 .text.USBD_GetString
                0x080044c6       0x46 CMakeFiles/stm32f407g-disc1.elf.dir/Middlewares/ST/STM32_USB_Device_Library/Core/Src/usbd_ctlreq.c.obj
                0x080044c6                USBD_GetString
 .text.USBD_CtlSendData
                0x0800450c       0x1a CMakeFiles/stm32f407g-disc1.elf.dir/Middlewares/ST/STM32_USB_Device_Library/Core/Src/usbd_ioreq.c.obj
                0x0800450c                USBD_CtlSendData
 .text.USBD_CtlContinueSendData
                0x08004526       0x10 CMakeFiles/stm32f407g-disc1.elf.dir/Middlewares/ST/STM32_USB_Device_Library/Core/Src/usbd_ioreq.c.obj
                0x08004526                USBD_CtlContinueSendData
 .text.USBD_CtlPrepareRx
                0x08004536       0x1e CMakeFiles/stm32f407g-disc1.elf.dir/Middlewares/ST/STM32_USB_Device_Library/Core/Src/usbd_ioreq.c.obj
                0x08004536                USBD_CtlPrepareRx
 .text.USBD_CtlContinueRx
                0x08004554       0x10 CMakeFiles/stm32f407g-disc1.elf.dir/Middlewares/ST/STM32_USB_Device_Library/Core/Src/usbd_ioreq.c.obj
                0x08004554                USBD_CtlContinueRx
 .text.USBD_CtlSendStatus
                0x08004564       0x16 CMakeFiles/stm32f407g-disc1.elf.dir/Middlewares/ST/STM32_USB_Device_Library/Core/Src/usbd_ioreq.c.obj
                0x08004564                USBD_CtlSendStatus
 .text.USBD_CtlReceiveStatus
                0x0800457a       0x16 CMakeFiles/stm32f407g-disc1.elf.dir/Middlewares/ST/STM32_USB_Device_Library/Core/Src/usbd_ioreq.c.obj
                0x0800457a                USBD_CtlReceiveStatus
 .text.osKernelInitialize
                0x08004590       0x24 CMakeFiles/stm32f407g-disc1.elf.dir/Middlewares/Third_Party/FreeRTOS/Source/CMSIS_RTOS_V2/cmsis_os2.c.obj
                0x08004590                osKernelInitialize
 .text.osKernelStart
                0x080045b4       0x38 CMakeFiles/stm32f407g-disc1.elf.dir/Middlewares/Third_Party/FreeRTOS/Source/CMSIS_RTOS_V2/cmsis_os2.c.obj
                0x080045b4                osKernelStart
 .text.osThreadNew
                0x080045ec       0xbe CMakeFiles/stm32f407g-disc1.elf.dir/Middlewares/Third_Party/FreeRTOS/Source/CMSIS_RTOS_V2/cmsis_os2.c.obj
                0x080045ec                osThreadNew
 .text.osDelay  0x080046aa       0x1c CMakeFiles/stm32f407g-disc1.elf.dir/Middlewares/Third_Party/FreeRTOS/Source/CMSIS_RTOS_V2/cmsis_os2.c.obj
                0x080046aa                osDelay
 *fill*         0x080046c6        0x2 
 .text.vApplicationGetIdleTaskMemory
                0x080046c8       0x18 CMakeFiles/stm32f407g-disc1.elf.dir/Middlewares/Third_Party/FreeRTOS/Source/CMSIS_RTOS_V2/cmsis_os2.c.obj
                0x080046c8                vApplicationGetIdleTaskMemory
 .text.vApplicationGetTimerTaskMemory
                0x080046e0       0x18 CMakeFiles/stm32f407g-disc1.elf.dir/Middlewares/Third_Party/FreeRTOS/Source/CMSIS_RTOS_V2/cmsis_os2.c.obj
                0x080046e0                vApplicationGetTimerTaskMemory
 .text.vListInitialise
                0x080046f8       0x16 CMakeFiles/stm32f407g-disc1.elf.dir/Middlewares/Third_Party/FreeRTOS/Source/list.c.obj
                0x080046f8                vListInitialise
 .text.vListInitialiseItem
                0x0800470e        0x6 CMakeFiles/stm32f407g-disc1.elf.dir/Middlewares/Third_Party/FreeRTOS/Source/list.c.obj
                0x0800470e                vListInitialiseItem
 .text.vListInsertEnd
                0x08004714       0x16 CMakeFiles/stm32f407g-disc1.elf.dir/Middlewares/Third_Party/FreeRTOS/Source/list.c.obj
                0x08004714                vListInsertEnd
 .text.vListInsert
                0x0800472a       0x32 CMakeFiles/stm32f407g-disc1.elf.dir/Middlewares/Third_Party/FreeRTOS/Source/list.c.obj
                0x0800472a                vListInsert
 .text.uxListRemove
                0x0800475c       0x26 CMakeFiles/stm32f407g-disc1.elf.dir/Middlewares/Third_Party/FreeRTOS/Source/list.c.obj
                0x0800475c                uxListRemove
 *fill*         0x08004782        0x2 
 .text.prvTaskExitError
                0x08004784       0x40 CMakeFiles/stm32f407g-disc1.elf.dir/Middlewares/Third_Party/FreeRTOS/Source/portable/GCC/ARM_CM4F/port.c.obj
 .text.prvPortStartFirstTask
                0x080047c4       0x28 CMakeFiles/stm32f407g-disc1.elf.dir/Middlewares/Third_Party/FreeRTOS/Source/portable/GCC/ARM_CM4F/port.c.obj
 .text.vPortEnableVFP
                0x080047ec       0x14 CMakeFiles/stm32f407g-disc1.elf.dir/Middlewares/Third_Party/FreeRTOS/Source/portable/GCC/ARM_CM4F/port.c.obj
 .text.pxPortInitialiseStack
                0x08004800       0x2c CMakeFiles/stm32f407g-disc1.elf.dir/Middlewares/Third_Party/FreeRTOS/Source/portable/GCC/ARM_CM4F/port.c.obj
                0x08004800                pxPortInitialiseStack
 *fill*         0x0800482c        0x4 
 .text.SVC_Handler
                0x08004830       0x24 CMakeFiles/stm32f407g-disc1.elf.dir/Middlewares/Third_Party/FreeRTOS/Source/portable/GCC/ARM_CM4F/port.c.obj
                0x08004830                SVC_Handler
 .text.vPortEnterCritical
                0x08004854       0x44 CMakeFiles/stm32f407g-disc1.elf.dir/Middlewares/Third_Party/FreeRTOS/Source/portable/GCC/ARM_CM4F/port.c.obj
                0x08004854                vPortEnterCritical
 .text.vPortExitCritical
                0x08004898       0x2c CMakeFiles/stm32f407g-disc1.elf.dir/Middlewares/Third_Party/FreeRTOS/Source/portable/GCC/ARM_CM4F/port.c.obj
                0x08004898                vPortExitCritical
 *fill*         0x080048c4        0xc 
 .text.PendSV_Handler
                0x080048d0       0x64 CMakeFiles/stm32f407g-disc1.elf.dir/Middlewares/Third_Party/FreeRTOS/Source/portable/GCC/ARM_CM4F/port.c.obj
                0x080048d0                PendSV_Handler
 .text.xPortSysTickHandler
                0x08004934       0x2c CMakeFiles/stm32f407g-disc1.elf.dir/Middlewares/Third_Party/FreeRTOS/Source/portable/GCC/ARM_CM4F/port.c.obj
                0x08004934                xPortSysTickHandler
 .text.vPortSetupTimerInterrupt
                0x08004960       0x28 CMakeFiles/stm32f407g-disc1.elf.dir/Middlewares/Third_Party/FreeRTOS/Source/portable/GCC/ARM_CM4F/port.c.obj
                0x08004960                vPortSetupTimerInterrupt
 .text.xPortStartScheduler
                0x08004988      0x118 CMakeFiles/stm32f407g-disc1.elf.dir/Middlewares/Third_Party/FreeRTOS/Source/portable/GCC/ARM_CM4F/port.c.obj
                0x08004988                xPortStartScheduler
 .text.vPortValidateInterruptPriority
                0x08004aa0       0x5c CMakeFiles/stm32f407g-disc1.elf.dir/Middlewares/Third_Party/FreeRTOS/Source/portable/GCC/ARM_CM4F/port.c.obj
                0x08004aa0                vPortValidateInterruptPriority
 .text.prvHeapInit
                0x08004afc       0x64 CMakeFiles/stm32f407g-disc1.elf.dir/Middlewares/Third_Party/FreeRTOS/Source/portable/MemMang/heap_4.c.obj
 .text.prvInsertBlockIntoFreeList
                0x08004b60       0x64 CMakeFiles/stm32f407g-disc1.elf.dir/Middlewares/Third_Party/FreeRTOS/Source/portable/MemMang/heap_4.c.obj
 .text.pvPortMalloc
                0x08004bc4      0x118 CMakeFiles/stm32f407g-disc1.elf.dir/Middlewares/Third_Party/FreeRTOS/Source/portable/MemMang/heap_4.c.obj
                0x08004bc4                pvPortMalloc
 .text.vPortFree
                0x08004cdc       0x7c CMakeFiles/stm32f407g-disc1.elf.dir/Middlewares/Third_Party/FreeRTOS/Source/portable/MemMang/heap_4.c.obj
                0x08004cdc                vPortFree
 .text.prvIsQueueFull
                0x08004d58       0x1e CMakeFiles/stm32f407g-disc1.elf.dir/Middlewares/Third_Party/FreeRTOS/Source/queue.c.obj
 .text.prvIsQueueEmpty
                0x08004d76       0x1a CMakeFiles/stm32f407g-disc1.elf.dir/Middlewares/Third_Party/FreeRTOS/Source/queue.c.obj
 .text.prvCopyDataToQueue
                0x08004d90       0x76 CMakeFiles/stm32f407g-disc1.elf.dir/Middlewares/Third_Party/FreeRTOS/Source/queue.c.obj
 .text.prvCopyDataFromQueue
                0x08004e06       0x24 CMakeFiles/stm32f407g-disc1.elf.dir/Middlewares/Third_Party/FreeRTOS/Source/queue.c.obj
 .text.prvUnlockQueue
                0x08004e2a       0x6e CMakeFiles/stm32f407g-disc1.elf.dir/Middlewares/Third_Party/FreeRTOS/Source/queue.c.obj
 .text.xQueueGenericReset
                0x08004e98       0x84 CMakeFiles/stm32f407g-disc1.elf.dir/Middlewares/Third_Party/FreeRTOS/Source/queue.c.obj
                0x08004e98                xQueueGenericReset
 .text.prvInitialiseNewQueue
                0x08004f1c       0x22 CMakeFiles/stm32f407g-disc1.elf.dir/Middlewares/Third_Party/FreeRTOS/Source/queue.c.obj
 .text.xQueueGenericCreateStatic
                0x08004f3e       0x94 CMakeFiles/stm32f407g-disc1.elf.dir/Middlewares/Third_Party/FreeRTOS/Source/queue.c.obj
                0x08004f3e                xQueueGenericCreateStatic
 .text.xQueueGenericSend
                0x08004fd2      0x188 CMakeFiles/stm32f407g-disc1.elf.dir/Middlewares/Third_Party/FreeRTOS/Source/queue.c.obj
                0x08004fd2                xQueueGenericSend
 .text.xQueueGenericSendFromISR
                0x0800515a       0xce CMakeFiles/stm32f407g-disc1.elf.dir/Middlewares/Third_Party/FreeRTOS/Source/queue.c.obj
                0x0800515a                xQueueGenericSendFromISR
 .text.xQueueReceive
                0x08005228      0x15e CMakeFiles/stm32f407g-disc1.elf.dir/Middlewares/Third_Party/FreeRTOS/Source/queue.c.obj
                0x08005228                xQueueReceive
 *fill*         0x08005386        0x2 
 .text.vQueueAddToRegistry
                0x08005388       0x28 CMakeFiles/stm32f407g-disc1.elf.dir/Middlewares/Third_Party/FreeRTOS/Source/queue.c.obj
                0x08005388                vQueueAddToRegistry
 .text.vQueueWaitForMessageRestricted
                0x080053b0       0x52 CMakeFiles/stm32f407g-disc1.elf.dir/Middlewares/Third_Party/FreeRTOS/Source/queue.c.obj
                0x080053b0                vQueueWaitForMessageRestricted
 *fill*         0x08005402        0x2 
 .text.prvResetNextTaskUnblockTime
                0x08005404       0x2c CMakeFiles/stm32f407g-disc1.elf.dir/Middlewares/Third_Party/FreeRTOS/Source/tasks.c.obj
 .text.prvInitialiseNewTask
                0x08005430      0x104 CMakeFiles/stm32f407g-disc1.elf.dir/Middlewares/Third_Party/FreeRTOS/Source/tasks.c.obj
 .text.prvInitialiseTaskLists
                0x08005534       0x68 CMakeFiles/stm32f407g-disc1.elf.dir/Middlewares/Third_Party/FreeRTOS/Source/tasks.c.obj
 .text.prvAddNewTaskToReadyList
                0x0800559c       0xac CMakeFiles/stm32f407g-disc1.elf.dir/Middlewares/Third_Party/FreeRTOS/Source/tasks.c.obj
 .text.prvDeleteTCB
                0x08005648       0x40 CMakeFiles/stm32f407g-disc1.elf.dir/Middlewares/Third_Party/FreeRTOS/Source/tasks.c.obj
 .text.prvCheckTasksWaitingTermination
                0x08005688       0x4c CMakeFiles/stm32f407g-disc1.elf.dir/Middlewares/Third_Party/FreeRTOS/Source/tasks.c.obj
 .text.prvIdleTask
                0x080056d4       0x28 CMakeFiles/stm32f407g-disc1.elf.dir/Middlewares/Third_Party/FreeRTOS/Source/tasks.c.obj
 .text.prvAddCurrentTaskToDelayedList
                0x080056fc       0x7c CMakeFiles/stm32f407g-disc1.elf.dir/Middlewares/Third_Party/FreeRTOS/Source/tasks.c.obj
 .text.xTaskCreateStatic
                0x08005778       0x7a CMakeFiles/stm32f407g-disc1.elf.dir/Middlewares/Third_Party/FreeRTOS/Source/tasks.c.obj
                0x08005778                xTaskCreateStatic
 .text.xTaskCreate
                0x080057f2       0x66 CMakeFiles/stm32f407g-disc1.elf.dir/Middlewares/Third_Party/FreeRTOS/Source/tasks.c.obj
                0x080057f2                xTaskCreate
 .text.vTaskStartScheduler
                0x08005858       0xac CMakeFiles/stm32f407g-disc1.elf.dir/Middlewares/Third_Party/FreeRTOS/Source/tasks.c.obj
                0x08005858                vTaskStartScheduler
 .text.vTaskSuspendAll
                0x08005904       0x10 CMakeFiles/stm32f407g-disc1.elf.dir/Middlewares/Third_Party/FreeRTOS/Source/tasks.c.obj
                0x08005904                vTaskSuspendAll
 .text.xTaskGetTickCount
                0x08005914        0xc CMakeFiles/stm32f407g-disc1.elf.dir/Middlewares/Third_Party/FreeRTOS/Source/tasks.c.obj
                0x08005914                xTaskGetTickCount
 .text.xTaskIncrementTick
                0x08005920      0x118 CMakeFiles/stm32f407g-disc1.elf.dir/Middlewares/Third_Party/FreeRTOS/Source/tasks.c.obj
                0x08005920                xTaskIncrementTick
 .text.xTaskResumeAll
                0x08005a38       0xf8 CMakeFiles/stm32f407g-disc1.elf.dir/Middlewares/Third_Party/FreeRTOS/Source/tasks.c.obj
                0x08005a38                xTaskResumeAll
 .text.vTaskDelay
                0x08005b30       0x4c CMakeFiles/stm32f407g-disc1.elf.dir/Middlewares/Third_Party/FreeRTOS/Source/tasks.c.obj
                0x08005b30                vTaskDelay
 .text.vTaskSwitchContext
                0x08005b7c       0xdc CMakeFiles/stm32f407g-disc1.elf.dir/Middlewares/Third_Party/FreeRTOS/Source/tasks.c.obj
                0x08005b7c                vTaskSwitchContext
 .text.vTaskPlaceOnEventList
                0x08005c58       0x30 CMakeFiles/stm32f407g-disc1.elf.dir/Middlewares/Third_Party/FreeRTOS/Source/tasks.c.obj
                0x08005c58                vTaskPlaceOnEventList
 .text.vTaskPlaceOnEventListRestricted
                0x08005c88       0x38 CMakeFiles/stm32f407g-disc1.elf.dir/Middlewares/Third_Party/FreeRTOS/Source/tasks.c.obj
                0x08005c88                vTaskPlaceOnEventListRestricted
 .text.xTaskRemoveFromEventList
                0x08005cc0       0x8c CMakeFiles/stm32f407g-disc1.elf.dir/Middlewares/Third_Party/FreeRTOS/Source/tasks.c.obj
                0x08005cc0                xTaskRemoveFromEventList
 .text.vTaskInternalSetTimeOutState
                0x08005d4c       0x18 CMakeFiles/stm32f407g-disc1.elf.dir/Middlewares/Third_Party/FreeRTOS/Source/tasks.c.obj
                0x08005d4c                vTaskInternalSetTimeOutState
 .text.xTaskCheckForTimeOut
                0x08005d64       0x84 CMakeFiles/stm32f407g-disc1.elf.dir/Middlewares/Third_Party/FreeRTOS/Source/tasks.c.obj
                0x08005d64                xTaskCheckForTimeOut
 .text.vTaskMissedYield
                0x08005de8        0xc CMakeFiles/stm32f407g-disc1.elf.dir/Middlewares/Third_Party/FreeRTOS/Source/tasks.c.obj
                0x08005de8                vTaskMissedYield
 .text.xTaskGetSchedulerState
                0x08005df4       0x20 CMakeFiles/stm32f407g-disc1.elf.dir/Middlewares/Third_Party/FreeRTOS/Source/tasks.c.obj
                0x08005df4                xTaskGetSchedulerState
 .text.xTaskPriorityDisinherit
                0x08005e14       0x90 CMakeFiles/stm32f407g-disc1.elf.dir/Middlewares/Third_Party/FreeRTOS/Source/tasks.c.obj
                0x08005e14                xTaskPriorityDisinherit
 .text.prvGetNextExpireTime
                0x08005ea4       0x20 CMakeFiles/stm32f407g-disc1.elf.dir/Middlewares/Third_Party/FreeRTOS/Source/timers.c.obj
 .text.prvInsertTimerInActiveList
                0x08005ec4       0x48 CMakeFiles/stm32f407g-disc1.elf.dir/Middlewares/Third_Party/FreeRTOS/Source/timers.c.obj
 .text.prvCheckForValidListAndQueue
                0x08005f0c       0x70 CMakeFiles/stm32f407g-disc1.elf.dir/Middlewares/Third_Party/FreeRTOS/Source/timers.c.obj
 .text.xTimerCreateTimerTask
                0x08005f7c       0x64 CMakeFiles/stm32f407g-disc1.elf.dir/Middlewares/Third_Party/FreeRTOS/Source/timers.c.obj
                0x08005f7c                xTimerCreateTimerTask
 .text.xTimerGenericCommand
                0x08005fe0       0x6c CMakeFiles/stm32f407g-disc1.elf.dir/Middlewares/Third_Party/FreeRTOS/Source/timers.c.obj
                0x08005fe0                xTimerGenericCommand
 .text.prvSwitchTimerLists
                0x0800604c       0x7c CMakeFiles/stm32f407g-disc1.elf.dir/Middlewares/Third_Party/FreeRTOS/Source/timers.c.obj
 .text.prvSampleTimeNow
                0x080060c8       0x2c CMakeFiles/stm32f407g-disc1.elf.dir/Middlewares/Third_Party/FreeRTOS/Source/timers.c.obj
 .text.prvProcessExpiredTimer
                0x080060f4       0x6c CMakeFiles/stm32f407g-disc1.elf.dir/Middlewares/Third_Party/FreeRTOS/Source/timers.c.obj
 .text.prvProcessTimerOrBlockTask
                0x08006160       0x74 CMakeFiles/stm32f407g-disc1.elf.dir/Middlewares/Third_Party/FreeRTOS/Source/timers.c.obj
 .text.prvProcessReceivedCommands
                0x080061d4      0x10c CMakeFiles/stm32f407g-disc1.elf.dir/Middlewares/Third_Party/FreeRTOS/Source/timers.c.obj
 .text.prvTimerTask
                0x080062e0       0x16 CMakeFiles/stm32f407g-disc1.elf.dir/Middlewares/Third_Party/FreeRTOS/Source/timers.c.obj
 *fill*         0x080062f6        0x2 
 .text.MX_USB_DEVICE_Init
                0x080062f8       0x54 CMakeFiles/stm32f407g-disc1.elf.dir/USB_DEVICE/App/usb_device.c.obj
                0x080062f8                MX_USB_DEVICE_Init
 .text.CDC_DeInit_FS
                0x0800634c        0x4 CMakeFiles/stm32f407g-disc1.elf.dir/USB_DEVICE/App/usbd_cdc_if.c.obj
 .text.CDC_Control_FS
                0x08006350        0x4 CMakeFiles/stm32f407g-disc1.elf.dir/USB_DEVICE/App/usbd_cdc_if.c.obj
 .text.CDC_TransmitCplt_FS
                0x08006354        0x4 CMakeFiles/stm32f407g-disc1.elf.dir/USB_DEVICE/App/usbd_cdc_if.c.obj
 .text.CDC_Receive_FS
                0x08006358       0x1c CMakeFiles/stm32f407g-disc1.elf.dir/USB_DEVICE/App/usbd_cdc_if.c.obj
 .text.CDC_Init_FS
                0x08006374       0x28 CMakeFiles/stm32f407g-disc1.elf.dir/USB_DEVICE/App/usbd_cdc_if.c.obj
 .text.USBD_FS_DeviceDescriptor
                0x0800639c        0xc CMakeFiles/stm32f407g-disc1.elf.dir/USB_DEVICE/App/usbd_desc.c.obj
                0x0800639c                USBD_FS_DeviceDescriptor
 .text.USBD_FS_LangIDStrDescriptor
                0x080063a8        0xc CMakeFiles/stm32f407g-disc1.elf.dir/USB_DEVICE/App/usbd_desc.c.obj
                0x080063a8                USBD_FS_LangIDStrDescriptor
 .text.IntToUnicode
                0x080063b4       0x46 CMakeFiles/stm32f407g-disc1.elf.dir/USB_DEVICE/App/usbd_desc.c.obj
 *fill*         0x080063fa        0x2 
 .text.Get_SerialNum
                0x080063fc       0x38 CMakeFiles/stm32f407g-disc1.elf.dir/USB_DEVICE/App/usbd_desc.c.obj
 .text.USBD_FS_SerialStrDescriptor
                0x08006434       0x14 CMakeFiles/stm32f407g-disc1.elf.dir/USB_DEVICE/App/usbd_desc.c.obj
                0x08006434                USBD_FS_SerialStrDescriptor
 .text.USBD_FS_ProductStrDescriptor
                0x08006448       0x24 CMakeFiles/stm32f407g-disc1.elf.dir/USB_DEVICE/App/usbd_desc.c.obj
                0x08006448                USBD_FS_ProductStrDescriptor
 .text.USBD_FS_ManufacturerStrDescriptor
                0x0800646c       0x1c CMakeFiles/stm32f407g-disc1.elf.dir/USB_DEVICE/App/usbd_desc.c.obj
                0x0800646c                USBD_FS_ManufacturerStrDescriptor
 .text.USBD_FS_ConfigStrDescriptor
                0x08006488       0x24 CMakeFiles/stm32f407g-disc1.elf.dir/USB_DEVICE/App/usbd_desc.c.obj
                0x08006488                USBD_FS_ConfigStrDescriptor
 .text.USBD_FS_InterfaceStrDescriptor
                0x080064ac       0x24 CMakeFiles/stm32f407g-disc1.elf.dir/USB_DEVICE/App/usbd_desc.c.obj
                0x080064ac                USBD_FS_InterfaceStrDescriptor
 .text.HAL_PCD_MspInit
                0x080064d0       0x94 CMakeFiles/stm32f407g-disc1.elf.dir/USB_DEVICE/Target/usbd_conf.c.obj
                0x080064d0                HAL_PCD_MspInit
 .text.HAL_PCD_SetupStageCallback
                0x08006564       0x10 CMakeFiles/stm32f407g-disc1.elf.dir/USB_DEVICE/Target/usbd_conf.c.obj
                0x08006564                HAL_PCD_SetupStageCallback
 .text.HAL_PCD_DataOutStageCallback
                0x08006574       0x18 CMakeFiles/stm32f407g-disc1.elf.dir/USB_DEVICE/Target/usbd_conf.c.obj
                0x08006574                HAL_PCD_DataOutStageCallback
 .text.HAL_PCD_DataInStageCallback
                0x0800658c       0x16 CMakeFiles/stm32f407g-disc1.elf.dir/USB_DEVICE/Target/usbd_conf.c.obj
                0x0800658c                HAL_PCD_DataInStageCallback
 .text.HAL_PCD_SOFCallback
                0x080065a2        0xc CMakeFiles/stm32f407g-disc1.elf.dir/USB_DEVICE/Target/usbd_conf.c.obj
                0x080065a2                HAL_PCD_SOFCallback
 .text.HAL_PCD_ResetCallback
                0x080065ae       0x28 CMakeFiles/stm32f407g-disc1.elf.dir/USB_DEVICE/Target/usbd_conf.c.obj
                0x080065ae                HAL_PCD_ResetCallback
 *fill*         0x080065d6        0x2 
 .text.HAL_PCD_SuspendCallback
                0x080065d8       0x30 CMakeFiles/stm32f407g-disc1.elf.dir/USB_DEVICE/Target/usbd_conf.c.obj
                0x080065d8                HAL_PCD_SuspendCallback
 .text.HAL_PCD_ResumeCallback
                0x08006608        0xc CMakeFiles/stm32f407g-disc1.elf.dir/USB_DEVICE/Target/usbd_conf.c.obj
                0x08006608                HAL_PCD_ResumeCallback
 .text.HAL_PCD_ISOOUTIncompleteCallback
                0x08006614        0xc CMakeFiles/stm32f407g-disc1.elf.dir/USB_DEVICE/Target/usbd_conf.c.obj
                0x08006614                HAL_PCD_ISOOUTIncompleteCallback
 .text.HAL_PCD_ISOINIncompleteCallback
                0x08006620        0xc CMakeFiles/stm32f407g-disc1.elf.dir/USB_DEVICE/Target/usbd_conf.c.obj
                0x08006620                HAL_PCD_ISOINIncompleteCallback
 .text.HAL_PCD_ConnectCallback
                0x0800662c        0xc CMakeFiles/stm32f407g-disc1.elf.dir/USB_DEVICE/Target/usbd_conf.c.obj
                0x0800662c                HAL_PCD_ConnectCallback
 .text.HAL_PCD_DisconnectCallback
                0x08006638        0xc CMakeFiles/stm32f407g-disc1.elf.dir/USB_DEVICE/Target/usbd_conf.c.obj
                0x08006638                HAL_PCD_DisconnectCallback
 .text.USBD_LL_Init
                0x08006644       0x68 CMakeFiles/stm32f407g-disc1.elf.dir/USB_DEVICE/Target/usbd_conf.c.obj
                0x08006644                USBD_LL_Init
 .text.USBD_LL_IsStallEP
                0x080066ac       0x2c CMakeFiles/stm32f407g-disc1.elf.dir/USB_DEVICE/Target/usbd_conf.c.obj
                0x080066ac                USBD_LL_IsStallEP
 .text.USBD_LL_GetRxDataSize
                0x080066d8        0xc CMakeFiles/stm32f407g-disc1.elf.dir/USB_DEVICE/Target/usbd_conf.c.obj
                0x080066d8                USBD_LL_GetRxDataSize
 .text.USBD_static_malloc
                0x080066e4        0x8 CMakeFiles/stm32f407g-disc1.elf.dir/USB_DEVICE/Target/usbd_conf.c.obj
                0x080066e4                USBD_static_malloc
 .text.USBD_static_free
                0x080066ec        0x2 CMakeFiles/stm32f407g-disc1.elf.dir/USB_DEVICE/Target/usbd_conf.c.obj
                0x080066ec                USBD_static_free
 .text.USBD_Get_USB_Status
                0x080066ee       0x14 CMakeFiles/stm32f407g-disc1.elf.dir/USB_DEVICE/Target/usbd_conf.c.obj
                0x080066ee                USBD_Get_USB_Status
 .text.USBD_LL_Start
                0x08006702       0x10 CMakeFiles/stm32f407g-disc1.elf.dir/USB_DEVICE/Target/usbd_conf.c.obj
                0x08006702                USBD_LL_Start
 .text.USBD_LL_OpenEP
                0x08006712       0x16 CMakeFiles/stm32f407g-disc1.elf.dir/USB_DEVICE/Target/usbd_conf.c.obj
                0x08006712                USBD_LL_OpenEP
 .text.USBD_LL_CloseEP
                0x08006728       0x10 CMakeFiles/stm32f407g-disc1.elf.dir/USB_DEVICE/Target/usbd_conf.c.obj
                0x08006728                USBD_LL_CloseEP
 .text.USBD_LL_StallEP
                0x08006738       0x10 CMakeFiles/stm32f407g-disc1.elf.dir/USB_DEVICE/Target/usbd_conf.c.obj
                0x08006738                USBD_LL_StallEP
 .text.USBD_LL_ClearStallEP
                0x08006748       0x10 CMakeFiles/stm32f407g-disc1.elf.dir/USB_DEVICE/Target/usbd_conf.c.obj
                0x08006748                USBD_LL_ClearStallEP
 .text.USBD_LL_SetUSBAddress
                0x08006758       0x10 CMakeFiles/stm32f407g-disc1.elf.dir/USB_DEVICE/Target/usbd_conf.c.obj
                0x08006758                USBD_LL_SetUSBAddress
 .text.USBD_LL_Transmit
                0x08006768       0x10 CMakeFiles/stm32f407g-disc1.elf.dir/USB_DEVICE/Target/usbd_conf.c.obj
                0x08006768                USBD_LL_Transmit
 .text.USBD_LL_PrepareReceive
                0x08006778       0x10 CMakeFiles/stm32f407g-disc1.elf.dir/USB_DEVICE/Target/usbd_conf.c.obj
                0x08006778                USBD_LL_PrepareReceive
 .text.startup  0x08006788       0x14 /usr/lib/gcc/arm-none-eabi/13.2.1/../../../arm-none-eabi/lib/thumb/v7e-m+fp/hard/libg.a(libc_a-__call_atexit.o)
 *(.glue_7)
 .glue_7        0x0800679c        0x0 linker stubs
 *(.glue_7t)
 .glue_7t       0x0800679c        0x0 linker stubs
 *(.eh_frame)
 .eh_frame      0x0800679c        0x0 /usr/lib/gcc/arm-none-eabi/13.2.1/thumb/v7e-m+fp/hard/crtbegin.o
 *(.init)
 .init          0x0800679c        0x4 /usr/lib/gcc/arm-none-eabi/13.2.1/thumb/v7e-m+fp/hard/crti.o
                0x0800679c                _init
 .init          0x080067a0        0x8 /usr/lib/gcc/arm-none-eabi/13.2.1/thumb/v7e-m+fp/hard/crtn.o
 *(.fini)
 .fini          0x080067a8        0x4 /usr/lib/gcc/arm-none-eabi/13.2.1/thumb/v7e-m+fp/hard/crti.o
                0x080067a8                _fini
 .fini          0x080067ac        0x8 /usr/lib/gcc/arm-none-eabi/13.2.1/thumb/v7e-m+fp/hard/crtn.o
                0x080067b4                        . = ALIGN (0x4)
                0x080067b4                        _etext = .

.vfp11_veneer   0x080067b4        0x0
 .vfp11_veneer  0x080067b4        0x0 linker stubs

.v4_bx          0x080067b4        0x0
 .v4_bx         0x080067b4        0x0 linker stubs

.iplt           0x080067b4        0x0
 .iplt          0x080067b4        0x0 /usr/lib/gcc/arm-none-eabi/13.2.1/thumb/v7e-m+fp/hard/crtbegin.o

.rodata         0x080067b4      0x108
                0x080067b4                        . = ALIGN (0x4)
 *(.rodata)
 *(.rodata*)
 .rodata.str1.4
                0x080067b4       0x82 CMakeFiles/stm32f407g-disc1.elf.dir/Core/Src/freertos.c.obj
                                 0x24 (size before relaxing)
 *fill*         0x08006836        0x2 
 .rodata.myTask03_attributes
                0x08006838       0x24 CMakeFiles/stm32f407g-disc1.elf.dir/Core/Src/freertos.c.obj
                0x08006838                myTask03_attributes
 .rodata.myTestTask_attributes
                0x0800685c       0x24 CMakeFiles/stm32f407g-disc1.elf.dir/Core/Src/freertos.c.obj
                0x0800685c                myTestTask_attributes
 .rodata.defaultTask_attributes
                0x08006880       0x24 CMakeFiles/stm32f407g-disc1.elf.dir/Core/Src/freertos.c.obj
                0x08006880                defaultTask_attributes
 .rodata.APBPrescTable
                0x080068a4        0x8 CMakeFiles/stm32f407g-disc1.elf.dir/Core/Src/system_stm32f4xx.c.obj
                0x080068a4                APBPrescTable
 .rodata.AHBPrescTable
                0x080068ac       0x10 CMakeFiles/stm32f407g-disc1.elf.dir/Core/Src/system_stm32f4xx.c.obj
                0x080068ac                AHBPrescTable
 .rodata.vTaskStartScheduler.str1.4
                0x080068bc        0x5 CMakeFiles/stm32f407g-disc1.elf.dir/Middlewares/Third_Party/FreeRTOS/Source/tasks.c.obj
 .rodata.prvCheckForValidListAndQueue.str1.4
                0x080068bc        0x5 CMakeFiles/stm32f407g-disc1.elf.dir/Middlewares/Third_Party/FreeRTOS/Source/timers.c.obj
 .rodata.xTimerCreateTimerTask.str1.4
                0x080068bc        0x8 CMakeFiles/stm32f407g-disc1.elf.dir/Middlewares/Third_Party/FreeRTOS/Source/timers.c.obj
 .rodata.USBD_FS_ProductStrDescriptor.str1.4
                0x080068bc       0x16 CMakeFiles/stm32f407g-disc1.elf.dir/USB_DEVICE/App/usbd_desc.c.obj
 .rodata.USBD_FS_ManufacturerStrDescriptor.str1.4
                0x080068bc       0x13 CMakeFiles/stm32f407g-disc1.elf.dir/USB_DEVICE/App/usbd_desc.c.obj
 .rodata.USBD_FS_ConfigStrDescriptor.str1.4
                0x080068bc        0xb CMakeFiles/stm32f407g-disc1.elf.dir/USB_DEVICE/App/usbd_desc.c.obj
 .rodata.USBD_FS_InterfaceStrDescriptor.str1.4
                0x080068bc        0xe CMakeFiles/stm32f407g-disc1.elf.dir/USB_DEVICE/App/usbd_desc.c.obj
                0x080068d4                        . = ALIGN (0x4)

.ARM.extab      0x080068bc        0x0
                0x080068bc                        . = ALIGN (0x4)
 *(.ARM.extab* .gnu.linkonce.armextab.*)
                0x080068bc                        . = ALIGN (0x4)

.ARM            0x080068bc        0x8
                0x080068bc                        . = ALIGN (0x4)
                0x080068bc                        __exidx_start = .
 *(.ARM.exidx*)
 .ARM.exidx     0x080068bc        0x8 /usr/lib/gcc/arm-none-eabi/13.2.1/thumb/v7e-m+fp/hard/libgcc.a(_udivmoddi4.o)
 .ARM.exidx     0x080068c4        0x0 /usr/lib/gcc/arm-none-eabi/13.2.1/../../../arm-none-eabi/lib/thumb/v7e-m+fp/hard/libg.a(libc_a-memcpy.o)
                                  0x8 (size before relaxing)
                0x080068c4                        __exidx_end = .
                0x080068c4                        . = ALIGN (0x4)

.preinit_array  0x080068c4        0x0
                0x080068c4                        . = ALIGN (0x4)
                0x080068c4                        PROVIDE (__preinit_array_start = .)
 *(.preinit_array*)
                0x080068c4                        PROVIDE (__preinit_array_end = .)
                0x080068c4                        . = ALIGN (0x4)

.init_array     0x080068c4        0x8
                0x080068c4                        . = ALIGN (0x4)
                0x080068c4                        PROVIDE (__init_array_start = .)
 *(SORT_BY_NAME(.init_array.*))
 .init_array.00000
                0x080068c4        0x4 /usr/lib/gcc/arm-none-eabi/13.2.1/../../../arm-none-eabi/lib/thumb/v7e-m+fp/hard/libg.a(libc_a-__call_atexit.o)
 *(.init_array*)
 .init_array    0x080068c8        0x4 /usr/lib/gcc/arm-none-eabi/13.2.1/thumb/v7e-m+fp/hard/crtbegin.o
                0x080068cc                        PROVIDE (__init_array_end = .)
                0x080068cc                        . = ALIGN (0x4)

.fini_array     0x080068cc        0x4
                0x080068cc                        . = ALIGN (0x4)
                0x080068cc                        PROVIDE (__fini_array_start = .)
 *(SORT_BY_NAME(.fini_array.*))
 *(.fini_array*)
 .fini_array    0x080068cc        0x4 /usr/lib/gcc/arm-none-eabi/13.2.1/thumb/v7e-m+fp/hard/crtbegin.o
                0x080068d0                        PROVIDE (__fini_array_end = .)
                0x080068d0                        . = ALIGN (0x4)
                0x080068d0                        _sidata = LOADADDR (.data)

.rel.dyn        0x080068d0        0x0
 .rel.iplt      0x080068d0        0x0 /usr/lib/gcc/arm-none-eabi/13.2.1/thumb/v7e-m+fp/hard/crtbegin.o

.data           0x20000000      0x638 load address 0x080068d0
                0x20000000                        . = ALIGN (0x4)
                0x20000000                        _sdata = .
 *(.data)
 .data          0x20000000      0x128 /usr/lib/gcc/arm-none-eabi/13.2.1/../../../arm-none-eabi/lib/thumb/v7e-m+fp/hard/libg.a(libc_a-impure.o)
                0x20000000                _impure_ptr
                0x20000008                _impure_data
 .data          0x20000128      0x410 /usr/lib/gcc/arm-none-eabi/13.2.1/../../../arm-none-eabi/lib/thumb/v7e-m+fp/hard/libg.a(libc_a-mallocr.o)
                0x20000128                __malloc_av_
                0x20000530                __malloc_sbrk_base
                0x20000534                __malloc_trim_threshold
 *(.data*)
 .data.count    0x20000538        0x4 CMakeFiles/stm32f407g-disc1.elf.dir/Application/demo_task.c.obj
                0x20000538                count
 .data.SystemCoreClock
                0x2000053c        0x4 CMakeFiles/stm32f407g-disc1.elf.dir/Core/Src/system_stm32f4xx.c.obj
                0x2000053c                SystemCoreClock
 .data.uwTickFreq
                0x20000540        0x1 CMakeFiles/stm32f407g-disc1.elf.dir/Drivers/STM32F4xx_HAL_Driver/Src/stm32f4xx_hal.c.obj
                0x20000540                uwTickFreq
 *fill*         0x20000541        0x3 
 .data.uwTickPrio
                0x20000544        0x4 CMakeFiles/stm32f407g-disc1.elf.dir/Drivers/STM32F4xx_HAL_Driver/Src/stm32f4xx_hal.c.obj
                0x20000544                uwTickPrio
 .data.USBD_CDC_CfgDesc
                0x20000548       0x43 CMakeFiles/stm32f407g-disc1.elf.dir/Middlewares/ST/STM32_USB_Device_Library/Class/CDC/Src/usbd_cdc.c.obj
 *fill*         0x2000058b        0x1 
 .data.USBD_CDC
                0x2000058c       0x38 CMakeFiles/stm32f407g-disc1.elf.dir/Middlewares/ST/STM32_USB_Device_Library/Class/CDC/Src/usbd_cdc.c.obj
                0x2000058c                USBD_CDC
 .data.USBD_CDC_DeviceQualifierDesc
                0x200005c4        0xa CMakeFiles/stm32f407g-disc1.elf.dir/Middlewares/ST/STM32_USB_Device_Library/Class/CDC/Src/usbd_cdc.c.obj
 *fill*         0x200005ce        0x2 
 .data.uxCriticalNesting
                0x200005d0        0x4 CMakeFiles/stm32f407g-disc1.elf.dir/Middlewares/Third_Party/FreeRTOS/Source/portable/GCC/ARM_CM4F/port.c.obj
 .data.USBD_Interface_fops_FS
                0x200005d4       0x14 CMakeFiles/stm32f407g-disc1.elf.dir/USB_DEVICE/App/usbd_cdc_if.c.obj
                0x200005d4                USBD_Interface_fops_FS
 .data.USBD_StringSerial
                0x200005e8       0x1a CMakeFiles/stm32f407g-disc1.elf.dir/USB_DEVICE/App/usbd_desc.c.obj
                0x200005e8                USBD_StringSerial
 *fill*         0x20000602        0x2 
 .data.USBD_LangIDDesc
                0x20000604        0x4 CMakeFiles/stm32f407g-disc1.elf.dir/USB_DEVICE/App/usbd_desc.c.obj
                0x20000604                USBD_LangIDDesc
 .data.USBD_FS_DeviceDesc
                0x20000608       0x12 CMakeFiles/stm32f407g-disc1.elf.dir/USB_DEVICE/App/usbd_desc.c.obj
                0x20000608                USBD_FS_DeviceDesc
 *fill*         0x2000061a        0x2 
 .data.FS_Desc  0x2000061c       0x1c CMakeFiles/stm32f407g-disc1.elf.dir/USB_DEVICE/App/usbd_desc.c.obj
                0x2000061c                FS_Desc
 *(.RamFunc)
 *(.RamFunc*)
                0x20000638                        . = ALIGN (0x4)
                0x20000638                        _edata = .
                0x08006f08                        _siccmram = LOADADDR (.ccmram)

.tm_clone_table
                0x20000638        0x0 load address 0x08006f08
 .tm_clone_table
                0x20000638        0x0 /usr/lib/gcc/arm-none-eabi/13.2.1/thumb/v7e-m+fp/hard/crtbegin.o
 .tm_clone_table
                0x20000638        0x0 /usr/lib/gcc/arm-none-eabi/13.2.1/thumb/v7e-m+fp/hard/crtend.o

.igot.plt       0x20000638        0x0 load address 0x08006f08
 .igot.plt      0x20000638        0x0 /usr/lib/gcc/arm-none-eabi/13.2.1/thumb/v7e-m+fp/hard/crtbegin.o

.ccmram         0x10000000        0x0 load address 0x08006f08
                0x10000000                        . = ALIGN (0x4)
                0x10000000                        _sccmram = .
 *(.ccmram)
 *(.ccmram*)
                0x10000000                        . = ALIGN (0x4)
                0x10000000                        _eccmram = .
                0x10000000                        . = ALIGN (0x4)

.bss            0x20000638     0x681c
                0x20000638                        _sbss = .
                0x20000638                        __bss_start__ = _sbss
 *(.bss)
 .bss           0x20000638       0x1c /usr/lib/gcc/arm-none-eabi/13.2.1/thumb/v7e-m+fp/hard/crtbegin.o
 .bss           0x20000654        0x4 /usr/lib/gcc/arm-none-eabi/13.2.1/../../../arm-none-eabi/lib/thumb/v7e-m+fp/hard/libg.a(libc_a-reent.o)
                0x20000654                errno
 .bss           0x20000658      0x13c /usr/lib/gcc/arm-none-eabi/13.2.1/../../../arm-none-eabi/lib/thumb/v7e-m+fp/hard/libg.a(libc_a-findfp.o)
                0x20000658                __sf
                0x20000790                __stdio_exit_handler
 .bss           0x20000794       0x34 /usr/lib/gcc/arm-none-eabi/13.2.1/../../../arm-none-eabi/lib/thumb/v7e-m+fp/hard/libg.a(libc_a-mallocr.o)
                0x20000794                __malloc_top_pad
                0x20000798                __malloc_current_mallinfo
                0x200007c0                __malloc_max_sbrked_mem
                0x200007c4                __malloc_max_total_mem
 .bss           0x200007c8        0x4 /usr/lib/gcc/arm-none-eabi/13.2.1/../../../arm-none-eabi/lib/thumb/v7e-m+fp/hard/libg.a(libc_a-__call_atexit.o)
                0x200007c8                __atexit
 .bss           0x200007cc      0x190 /usr/lib/gcc/arm-none-eabi/13.2.1/../../../arm-none-eabi/lib/thumb/v7e-m+fp/hard/libg.a(libc_a-__atexit.o)
                0x200007cc                __atexit0
 *(.bss*)
 .bss.myTask03Handle
                0x2000095c        0x4 CMakeFiles/stm32f407g-disc1.elf.dir/Core/Src/freertos.c.obj
                0x2000095c                myTask03Handle
 .bss.myTestTaskHandle
                0x20000960        0x4 CMakeFiles/stm32f407g-disc1.elf.dir/Core/Src/freertos.c.obj
                0x20000960                myTestTaskHandle
 .bss.defaultTaskHandle
                0x20000964        0x4 CMakeFiles/stm32f407g-disc1.elf.dir/Core/Src/freertos.c.obj
                0x20000964                defaultTaskHandle
 .bss.hi2c1     0x20000968       0x54 CMakeFiles/stm32f407g-disc1.elf.dir/Core/Src/i2c.c.obj
                0x20000968                hi2c1
 .bss.__sbrk_heap_end
                0x200009bc        0x4 CMakeFiles/stm32f407g-disc1.elf.dir/Core/Src/sysmem.c.obj
 .bss.uwTick    0x200009c0        0x4 CMakeFiles/stm32f407g-disc1.elf.dir/Drivers/STM32F4xx_HAL_Driver/Src/stm32f4xx_hal.c.obj
                0x200009c0                uwTick
 .bss.cfgidx.0  0x200009c4        0x1 CMakeFiles/stm32f407g-disc1.elf.dir/Middlewares/ST/STM32_USB_Device_Library/Core/Src/usbd_ctlreq.c.obj
 *fill*         0x200009c5        0x3 
 .bss.Timer_Stack.0
                0x200009c8      0x200 CMakeFiles/stm32f407g-disc1.elf.dir/Middlewares/Third_Party/FreeRTOS/Source/CMSIS_RTOS_V2/cmsis_os2.c.obj
 .bss.Timer_TCB.1
                0x20000bc8      0x188 CMakeFiles/stm32f407g-disc1.elf.dir/Middlewares/Third_Party/FreeRTOS/Source/CMSIS_RTOS_V2/cmsis_os2.c.obj
 .bss.Idle_Stack.2
                0x20000d50      0x100 CMakeFiles/stm32f407g-disc1.elf.dir/Middlewares/Third_Party/FreeRTOS/Source/CMSIS_RTOS_V2/cmsis_os2.c.obj
 .bss.Idle_TCB.3
                0x20000e50      0x188 CMakeFiles/stm32f407g-disc1.elf.dir/Middlewares/Third_Party/FreeRTOS/Source/CMSIS_RTOS_V2/cmsis_os2.c.obj
 .bss.KernelState
                0x20000fd8        0x4 CMakeFiles/stm32f407g-disc1.elf.dir/Middlewares/Third_Party/FreeRTOS/Source/CMSIS_RTOS_V2/cmsis_os2.c.obj
 .bss.ulMaxPRIGROUPValue
                0x20000fdc        0x4 CMakeFiles/stm32f407g-disc1.elf.dir/Middlewares/Third_Party/FreeRTOS/Source/portable/GCC/ARM_CM4F/port.c.obj
 .bss.ucMaxSysCallPriority
                0x20000fe0        0x1 CMakeFiles/stm32f407g-disc1.elf.dir/Middlewares/Third_Party/FreeRTOS/Source/portable/GCC/ARM_CM4F/port.c.obj
 *fill*         0x20000fe1        0x3 
 .bss.xBlockAllocatedBit
                0x20000fe4        0x4 CMakeFiles/stm32f407g-disc1.elf.dir/Middlewares/Third_Party/FreeRTOS/Source/portable/MemMang/heap_4.c.obj
 .bss.xNumberOfSuccessfulFrees
                0x20000fe8        0x4 CMakeFiles/stm32f407g-disc1.elf.dir/Middlewares/Third_Party/FreeRTOS/Source/portable/MemMang/heap_4.c.obj
 .bss.xNumberOfSuccessfulAllocations
                0x20000fec        0x4 CMakeFiles/stm32f407g-disc1.elf.dir/Middlewares/Third_Party/FreeRTOS/Source/portable/MemMang/heap_4.c.obj
 .bss.xMinimumEverFreeBytesRemaining
                0x20000ff0        0x4 CMakeFiles/stm32f407g-disc1.elf.dir/Middlewares/Third_Party/FreeRTOS/Source/portable/MemMang/heap_4.c.obj
 .bss.xFreeBytesRemaining
                0x20000ff4        0x4 CMakeFiles/stm32f407g-disc1.elf.dir/Middlewares/Third_Party/FreeRTOS/Source/portable/MemMang/heap_4.c.obj
 .bss.pxEnd     0x20000ff8        0x4 CMakeFiles/stm32f407g-disc1.elf.dir/Middlewares/Third_Party/FreeRTOS/Source/portable/MemMang/heap_4.c.obj
 .bss.xStart    0x20000ffc        0x8 CMakeFiles/stm32f407g-disc1.elf.dir/Middlewares/Third_Party/FreeRTOS/Source/portable/MemMang/heap_4.c.obj
 .bss.ucHeap    0x20001004     0x3c00 CMakeFiles/stm32f407g-disc1.elf.dir/Middlewares/Third_Party/FreeRTOS/Source/portable/MemMang/heap_4.c.obj
 .bss.xQueueRegistry
                0x20004c04       0x40 CMakeFiles/stm32f407g-disc1.elf.dir/Middlewares/Third_Party/FreeRTOS/Source/queue.c.obj
                0x20004c04                xQueueRegistry
 .bss.uxSchedulerSuspended
                0x20004c44        0x4 CMakeFiles/stm32f407g-disc1.elf.dir/Middlewares/Third_Party/FreeRTOS/Source/tasks.c.obj
 .bss.xIdleTaskHandle
                0x20004c48        0x4 CMakeFiles/stm32f407g-disc1.elf.dir/Middlewares/Third_Party/FreeRTOS/Source/tasks.c.obj
 .bss.xNextTaskUnblockTime
                0x20004c4c        0x4 CMakeFiles/stm32f407g-disc1.elf.dir/Middlewares/Third_Party/FreeRTOS/Source/tasks.c.obj
 .bss.uxTaskNumber
                0x20004c50        0x4 CMakeFiles/stm32f407g-disc1.elf.dir/Middlewares/Third_Party/FreeRTOS/Source/tasks.c.obj
 .bss.xNumOfOverflows
                0x20004c54        0x4 CMakeFiles/stm32f407g-disc1.elf.dir/Middlewares/Third_Party/FreeRTOS/Source/tasks.c.obj
 .bss.xYieldPending
                0x20004c58        0x4 CMakeFiles/stm32f407g-disc1.elf.dir/Middlewares/Third_Party/FreeRTOS/Source/tasks.c.obj
 .bss.xPendedTicks
                0x20004c5c        0x4 CMakeFiles/stm32f407g-disc1.elf.dir/Middlewares/Third_Party/FreeRTOS/Source/tasks.c.obj
 .bss.xSchedulerRunning
                0x20004c60        0x4 CMakeFiles/stm32f407g-disc1.elf.dir/Middlewares/Third_Party/FreeRTOS/Source/tasks.c.obj
 .bss.uxTopReadyPriority
                0x20004c64        0x4 CMakeFiles/stm32f407g-disc1.elf.dir/Middlewares/Third_Party/FreeRTOS/Source/tasks.c.obj
 .bss.xTickCount
                0x20004c68        0x4 CMakeFiles/stm32f407g-disc1.elf.dir/Middlewares/Third_Party/FreeRTOS/Source/tasks.c.obj
 .bss.uxCurrentNumberOfTasks
                0x20004c6c        0x4 CMakeFiles/stm32f407g-disc1.elf.dir/Middlewares/Third_Party/FreeRTOS/Source/tasks.c.obj
 .bss.FreeRTOS_errno
                0x20004c70        0x4 CMakeFiles/stm32f407g-disc1.elf.dir/Middlewares/Third_Party/FreeRTOS/Source/tasks.c.obj
                0x20004c70                FreeRTOS_errno
 .bss.xSuspendedTaskList
                0x20004c74       0x14 CMakeFiles/stm32f407g-disc1.elf.dir/Middlewares/Third_Party/FreeRTOS/Source/tasks.c.obj
 .bss.uxDeletedTasksWaitingCleanUp
                0x20004c88        0x4 CMakeFiles/stm32f407g-disc1.elf.dir/Middlewares/Third_Party/FreeRTOS/Source/tasks.c.obj
 .bss.xTasksWaitingTermination
                0x20004c8c       0x14 CMakeFiles/stm32f407g-disc1.elf.dir/Middlewares/Third_Party/FreeRTOS/Source/tasks.c.obj
 .bss.xPendingReadyList
                0x20004ca0       0x14 CMakeFiles/stm32f407g-disc1.elf.dir/Middlewares/Third_Party/FreeRTOS/Source/tasks.c.obj
 .bss.pxOverflowDelayedTaskList
                0x20004cb4        0x4 CMakeFiles/stm32f407g-disc1.elf.dir/Middlewares/Third_Party/FreeRTOS/Source/tasks.c.obj
 .bss.pxDelayedTaskList
                0x20004cb8        0x4 CMakeFiles/stm32f407g-disc1.elf.dir/Middlewares/Third_Party/FreeRTOS/Source/tasks.c.obj
 .bss.xDelayedTaskList2
                0x20004cbc       0x14 CMakeFiles/stm32f407g-disc1.elf.dir/Middlewares/Third_Party/FreeRTOS/Source/tasks.c.obj
 .bss.xDelayedTaskList1
                0x20004cd0       0x14 CMakeFiles/stm32f407g-disc1.elf.dir/Middlewares/Third_Party/FreeRTOS/Source/tasks.c.obj
 .bss.pxReadyTasksLists
                0x20004ce4      0x460 CMakeFiles/stm32f407g-disc1.elf.dir/Middlewares/Third_Party/FreeRTOS/Source/tasks.c.obj
 .bss.pxCurrentTCB
                0x20005144        0x4 CMakeFiles/stm32f407g-disc1.elf.dir/Middlewares/Third_Party/FreeRTOS/Source/tasks.c.obj
                0x20005144                pxCurrentTCB
 .bss.xStaticTimerQueue.0
                0x20005148       0x50 CMakeFiles/stm32f407g-disc1.elf.dir/Middlewares/Third_Party/FreeRTOS/Source/timers.c.obj
 .bss.ucStaticTimerQueueStorage.1
                0x20005198       0xa0 CMakeFiles/stm32f407g-disc1.elf.dir/Middlewares/Third_Party/FreeRTOS/Source/timers.c.obj
 .bss.xLastTime.2
                0x20005238        0x4 CMakeFiles/stm32f407g-disc1.elf.dir/Middlewares/Third_Party/FreeRTOS/Source/timers.c.obj
 .bss.xTimerTaskHandle
                0x2000523c        0x4 CMakeFiles/stm32f407g-disc1.elf.dir/Middlewares/Third_Party/FreeRTOS/Source/timers.c.obj
 .bss.xTimerQueue
                0x20005240        0x4 CMakeFiles/stm32f407g-disc1.elf.dir/Middlewares/Third_Party/FreeRTOS/Source/timers.c.obj
 .bss.pxOverflowTimerList
                0x20005244        0x4 CMakeFiles/stm32f407g-disc1.elf.dir/Middlewares/Third_Party/FreeRTOS/Source/timers.c.obj
 .bss.pxCurrentTimerList
                0x20005248        0x4 CMakeFiles/stm32f407g-disc1.elf.dir/Middlewares/Third_Party/FreeRTOS/Source/timers.c.obj
 .bss.xActiveTimerList2
                0x2000524c       0x14 CMakeFiles/stm32f407g-disc1.elf.dir/Middlewares/Third_Party/FreeRTOS/Source/timers.c.obj
 .bss.xActiveTimerList1
                0x20005260       0x14 CMakeFiles/stm32f407g-disc1.elf.dir/Middlewares/Third_Party/FreeRTOS/Source/timers.c.obj
 .bss.hUsbDeviceFS
                0x20005274      0x2dc CMakeFiles/stm32f407g-disc1.elf.dir/USB_DEVICE/App/usb_device.c.obj
                0x20005274                hUsbDeviceFS
 .bss.UserTxBufferFS
                0x20005550      0x800 CMakeFiles/stm32f407g-disc1.elf.dir/USB_DEVICE/App/usbd_cdc_if.c.obj
                0x20005550                UserTxBufferFS
 .bss.UserRxBufferFS
                0x20005d50      0x800 CMakeFiles/stm32f407g-disc1.elf.dir/USB_DEVICE/App/usbd_cdc_if.c.obj
                0x20005d50                UserRxBufferFS
 .bss.USBD_StrDesc
                0x20006550      0x200 CMakeFiles/stm32f407g-disc1.elf.dir/USB_DEVICE/App/usbd_desc.c.obj
                0x20006550                USBD_StrDesc
 .bss.mem.0     0x20006750      0x220 CMakeFiles/stm32f407g-disc1.elf.dir/USB_DEVICE/Target/usbd_conf.c.obj
 .bss.hpcd_USB_OTG_FS
                0x20006970      0x4e4 CMakeFiles/stm32f407g-disc1.elf.dir/USB_DEVICE/Target/usbd_conf.c.obj
                0x20006970                hpcd_USB_OTG_FS
 *(COMMON)
                0x20006e54                        . = ALIGN (0x4)
                0x20006e54                        _ebss = .
                0x20006e54                        __bss_end__ = _ebss

._user_heap_stack
                0x20006e54      0xa04
                0x20006e58                        . = ALIGN (0x8)
 *fill*         0x20006e54        0x4 
                [!provide]                        PROVIDE (end = .)
                0x20006e58                        PROVIDE (_end = .)
                0x20007458                        . = (. + _Min_Heap_Size)
 *fill*         0x20006e58      0x600 
                0x20007858                        . = (. + _Min_Stack_Size)
 *fill*         0x20007458      0x400 
                0x20007858                        . = ALIGN (0x8)

/DISCARD/
 libc.a(*)
 libm.a(*)
 libgcc.a(*)

.ARM.attributes
                0x00000000       0x30
 *(.ARM.attributes)
 .ARM.attributes
                0x00000000       0x22 /usr/lib/gcc/arm-none-eabi/13.2.1/thumb/v7e-m+fp/hard/crti.o
 .ARM.attributes
                0x00000022       0x34 /usr/lib/gcc/arm-none-eabi/13.2.1/thumb/v7e-m+fp/hard/crtbegin.o
 .ARM.attributes
                0x00000056       0x34 CMakeFiles/stm32f407g-disc1.elf.dir/Application/demo_task.c.obj
 .ARM.attributes
                0x0000008a       0x34 CMakeFiles/stm32f407g-disc1.elf.dir/Core/Src/freertos.c.obj
 .ARM.attributes
                0x000000be       0x34 CMakeFiles/stm32f407g-disc1.elf.dir/Core/Src/gpio.c.obj
 .ARM.attributes
                0x000000f2       0x34 CMakeFiles/stm32f407g-disc1.elf.dir/Core/Src/i2c.c.obj
 .ARM.attributes
                0x00000126       0x34 CMakeFiles/stm32f407g-disc1.elf.dir/Core/Src/main.c.obj
 .ARM.attributes
                0x0000015a       0x34 CMakeFiles/stm32f407g-disc1.elf.dir/Core/Src/stm32f4xx_hal_msp.c.obj
 .ARM.attributes
                0x0000018e       0x34 CMakeFiles/stm32f407g-disc1.elf.dir/Core/Src/stm32f4xx_it.c.obj
 .ARM.attributes
                0x000001c2       0x34 CMakeFiles/stm32f407g-disc1.elf.dir/Core/Src/sysmem.c.obj
 .ARM.attributes
                0x000001f6       0x34 CMakeFiles/stm32f407g-disc1.elf.dir/Core/Src/system_stm32f4xx.c.obj
 .ARM.attributes
                0x0000022a       0x21 CMakeFiles/stm32f407g-disc1.elf.dir/Core/Startup/startup_stm32f407vgtx.s.obj
 .ARM.attributes
                0x0000024b       0x34 CMakeFiles/stm32f407g-disc1.elf.dir/Drivers/STM32F4xx_HAL_Driver/Src/stm32f4xx_hal.c.obj
 .ARM.attributes
                0x0000027f       0x34 CMakeFiles/stm32f407g-disc1.elf.dir/Drivers/STM32F4xx_HAL_Driver/Src/stm32f4xx_hal_cortex.c.obj
 .ARM.attributes
                0x000002b3       0x34 CMakeFiles/stm32f407g-disc1.elf.dir/Drivers/STM32F4xx_HAL_Driver/Src/stm32f4xx_hal_gpio.c.obj
 .ARM.attributes
                0x000002e7       0x34 CMakeFiles/stm32f407g-disc1.elf.dir/Drivers/STM32F4xx_HAL_Driver/Src/stm32f4xx_hal_i2c.c.obj
 .ARM.attributes
                0x0000031b       0x34 CMakeFiles/stm32f407g-disc1.elf.dir/Drivers/STM32F4xx_HAL_Driver/Src/stm32f4xx_hal_pcd.c.obj
 .ARM.attributes
                0x0000034f       0x34 CMakeFiles/stm32f407g-disc1.elf.dir/Drivers/STM32F4xx_HAL_Driver/Src/stm32f4xx_hal_pcd_ex.c.obj
 .ARM.attributes
                0x00000383       0x34 CMakeFiles/stm32f407g-disc1.elf.dir/Drivers/STM32F4xx_HAL_Driver/Src/stm32f4xx_hal_rcc.c.obj
 .ARM.attributes
                0x000003b7       0x34 CMakeFiles/stm32f407g-disc1.elf.dir/Drivers/STM32F4xx_HAL_Driver/Src/stm32f4xx_ll_usb.c.obj
 .ARM.attributes
                0x000003eb       0x34 CMakeFiles/stm32f407g-disc1.elf.dir/Middlewares/ST/STM32_USB_Device_Library/Class/CDC/Src/usbd_cdc.c.obj
 .ARM.attributes
                0x0000041f       0x34 CMakeFiles/stm32f407g-disc1.elf.dir/Middlewares/ST/STM32_USB_Device_Library/Core/Src/usbd_core.c.obj
 .ARM.attributes
                0x00000453       0x34 CMakeFiles/stm32f407g-disc1.elf.dir/Middlewares/ST/STM32_USB_Device_Library/Core/Src/usbd_ctlreq.c.obj
 .ARM.attributes
                0x00000487       0x34 CMakeFiles/stm32f407g-disc1.elf.dir/Middlewares/ST/STM32_USB_Device_Library/Core/Src/usbd_ioreq.c.obj
 .ARM.attributes
                0x000004bb       0x34 CMakeFiles/stm32f407g-disc1.elf.dir/Middlewares/Third_Party/FreeRTOS/Source/CMSIS_RTOS_V2/cmsis_os2.c.obj
 .ARM.attributes
                0x000004ef       0x34 CMakeFiles/stm32f407g-disc1.elf.dir/Middlewares/Third_Party/FreeRTOS/Source/list.c.obj
 .ARM.attributes
                0x00000523       0x34 CMakeFiles/stm32f407g-disc1.elf.dir/Middlewares/Third_Party/FreeRTOS/Source/portable/GCC/ARM_CM4F/port.c.obj
 .ARM.attributes
                0x00000557       0x34 CMakeFiles/stm32f407g-disc1.elf.dir/Middlewares/Third_Party/FreeRTOS/Source/portable/MemMang/heap_4.c.obj